Archive member included to satisfy reference by file (symbol)

f:/program_files/software/gcc-arm-none-eabi-10.3-2021.10-win32/gcc-arm-none-eabi-10.3-2021.10/bin/../lib/gcc/arm-none-eabi/10.3.1/thumb/v7e-m+fp/hard\libgcc.a(_arm_muldf3.o)
                              CMakeFiles/phase.elf.dir/Drivers/CMSIS/DSP_LIB/Source/FilteringFunctions/arm_biquad_cascade_df2T_f64.c.obj (__aeabi_dmul)
f:/program_files/software/gcc-arm-none-eabi-10.3-2021.10-win32/gcc-arm-none-eabi-10.3-2021.10/bin/../lib/gcc/arm-none-eabi/10.3.1/thumb/v7e-m+fp/hard\libgcc.a(_arm_addsubdf3.o)
                              CMakeFiles/phase.elf.dir/Drivers/CMSIS/DSP_LIB/Source/MatrixFunctions/arm_mat_inverse_f64.c.obj (__aeabi_dsub)
f:/program_files/software/gcc-arm-none-eabi-10.3-2021.10-win32/gcc-arm-none-eabi-10.3-2021.10/bin/../lib/gcc/arm-none-eabi/10.3.1/thumb/v7e-m+fp/hard\libgcc.a(_arm_muldivdf3.o)
                              CMakeFiles/phase.elf.dir/Drivers/CMSIS/DSP_LIB/Source/MatrixFunctions/arm_mat_inverse_f64.c.obj (__aeabi_ddiv)
f:/program_files/software/gcc-arm-none-eabi-10.3-2021.10-win32/gcc-arm-none-eabi-10.3-2021.10/bin/../lib/gcc/arm-none-eabi/10.3.1/thumb/v7e-m+fp/hard\libgcc.a(_arm_cmpdf2.o)
                              CMakeFiles/phase.elf.dir/Drivers/CMSIS/DSP_LIB/Source/MatrixFunctions/arm_mat_inverse_f64.c.obj (__aeabi_dcmpeq)
f:/program_files/software/gcc-arm-none-eabi-10.3-2021.10-win32/gcc-arm-none-eabi-10.3-2021.10/bin/../lib/gcc/arm-none-eabi/10.3.1/thumb/v7e-m+fp/hard\libgcc.a(_arm_truncdfsf2.o)
                              CMakeFiles/phase.elf.dir/User/Src/apfft.c.obj (__aeabi_d2f)
f:/program_files/software/gcc-arm-none-eabi-10.3-2021.10-win32/gcc-arm-none-eabi-10.3-2021.10/bin/../lib/gcc/arm-none-eabi/10.3.1/thumb/v7e-m+fp/hard\libgcc.a(_aeabi_ldivmod.o)
                              CMakeFiles/phase.elf.dir/Drivers/CMSIS/DSP_LIB/Source/StatisticsFunctions/arm_mean_q31.c.obj (__aeabi_ldivmod)
f:/program_files/software/gcc-arm-none-eabi-10.3-2021.10-win32/gcc-arm-none-eabi-10.3-2021.10/bin/../lib/gcc/arm-none-eabi/10.3.1/thumb/v7e-m+fp/hard\libgcc.a(_aeabi_uldivmod.o)
                              CMakeFiles/phase.elf.dir/Drivers/STM32F4xx_HAL_Driver/Src/stm32f4xx_hal_rcc.c.obj (__aeabi_uldivmod)
f:/program_files/software/gcc-arm-none-eabi-10.3-2021.10-win32/gcc-arm-none-eabi-10.3-2021.10/bin/../lib/gcc/arm-none-eabi/10.3.1/thumb/v7e-m+fp/hard\libgcc.a(_fixsfdi.o)
                              CMakeFiles/phase.elf.dir/Drivers/CMSIS/DSP_LIB/Source/SupportFunctions/arm_float_to_q31.c.obj (__aeabi_f2lz)
f:/program_files/software/gcc-arm-none-eabi-10.3-2021.10-win32/gcc-arm-none-eabi-10.3-2021.10/bin/../lib/gcc/arm-none-eabi/10.3.1/thumb/v7e-m+fp/hard\libgcc.a(_fixunssfdi.o)
                              f:/program_files/software/gcc-arm-none-eabi-10.3-2021.10-win32/gcc-arm-none-eabi-10.3-2021.10/bin/../lib/gcc/arm-none-eabi/10.3.1/thumb/v7e-m+fp/hard\libgcc.a(_fixsfdi.o) (__aeabi_f2ulz)
f:/program_files/software/gcc-arm-none-eabi-10.3-2021.10-win32/gcc-arm-none-eabi-10.3-2021.10/bin/../lib/gcc/arm-none-eabi/10.3.1/thumb/v7e-m+fp/hard\libgcc.a(_udivmoddi4.o)
                              f:/program_files/software/gcc-arm-none-eabi-10.3-2021.10-win32/gcc-arm-none-eabi-10.3-2021.10/bin/../lib/gcc/arm-none-eabi/10.3.1/thumb/v7e-m+fp/hard\libgcc.a(_aeabi_ldivmod.o) (__udivmoddi4)
f:/program_files/software/gcc-arm-none-eabi-10.3-2021.10-win32/gcc-arm-none-eabi-10.3-2021.10/bin/../lib/gcc/arm-none-eabi/10.3.1/thumb/v7e-m+fp/hard\libgcc.a(_dvmd_tls.o)
                              f:/program_files/software/gcc-arm-none-eabi-10.3-2021.10-win32/gcc-arm-none-eabi-10.3-2021.10/bin/../lib/gcc/arm-none-eabi/10.3.1/thumb/v7e-m+fp/hard\libgcc.a(_aeabi_ldivmod.o) (__aeabi_ldiv0)
f:/program_files/software/gcc-arm-none-eabi-10.3-2021.10-win32/gcc-arm-none-eabi-10.3-2021.10/bin/../lib/gcc/arm-none-eabi/10.3.1/thumb/v7e-m+fp/hard\libgcc.a(_arm_fixunsdfsi.o)
                              f:/program_files/software/gcc-arm-none-eabi-10.3-2021.10-win32/gcc-arm-none-eabi-10.3-2021.10/bin/../lib/gcc/arm-none-eabi/10.3.1/thumb/v7e-m+fp/hard\libgcc.a(_fixunssfdi.o) (__aeabi_d2uiz)
f:/program_files/software/gcc-arm-none-eabi-10.3-2021.10-win32/gcc-arm-none-eabi-10.3-2021.10/bin/../lib/gcc/arm-none-eabi/10.3.1/../../../../arm-none-eabi/lib/thumb/v7e-m+fp/hard\libg.a(lib_a-errno.o)
                              CMakeFiles/phase.elf.dir/Core/Src/syscalls.c.obj (__errno)
f:/program_files/software/gcc-arm-none-eabi-10.3-2021.10-win32/gcc-arm-none-eabi-10.3-2021.10/bin/../lib/gcc/arm-none-eabi/10.3.1/../../../../arm-none-eabi/lib/thumb/v7e-m+fp/hard\libg.a(lib_a-exit.o)
                              f:/program_files/software/gcc-arm-none-eabi-10.3-2021.10-win32/gcc-arm-none-eabi-10.3-2021.10/bin/../lib/gcc/arm-none-eabi/10.3.1/../../../../arm-none-eabi/lib/thumb/v7e-m+fp/hard/crt0.o (exit)
[...]
Memory Configuration

Name             Origin             Length             Attributes
RAM              0x20000000         0x00020000         xrw
CCMRAM           0x10000000         0x00010000         xrw
FLASH            0x08000000         0x00100000         xr
*default*        0x00000000         0xffffffff

Linker script and memory map

LOAD f:/program_files/software/gcc-arm-none-eabi-10.3-2021.10-win32/gcc-arm-none-eabi-10.3-2021.10/bin/../lib/gcc/arm-none-eabi/10.3.1/thumb/v7e-m+fp/hard/crti.o
LOAD f:/program_files/software/gcc-arm-none-eabi-10.3-2021.10-win32/gcc-arm-none-eabi-10.3-2021.10/bin/../lib/gcc/arm-none-eabi/10.3.1/thumb/v7e-m+fp/hard/crtbegin.o
LOAD f:/program_files/software/gcc-arm-none-eabi-10.3-2021.10-win32/gcc-arm-none-eabi-10.3-2021.10/bin/../lib/gcc/arm-none-eabi/10.3.1/../../../../arm-none-eabi/lib/thumb/v7e-m+fp/hard/crt0.o
LOAD CMakeFiles/phase.elf.dir/Core/Src/adc.c.obj
LOAD CMakeFiles/phase.elf.dir/Core/Src/dma.c.obj
LOAD CMakeFiles/phase.elf.dir/Core/Src/gpio.c.obj
LOAD CMakeFiles/phase.elf.dir/Core/Src/main.c.obj
LOAD CMakeFiles/phase.elf.dir/Core/Src/stm32f4xx_hal_msp.c.obj
LOAD CMakeFiles/phase.elf.dir/Core/Src/stm32f4xx_it.c.obj
LOAD CMakeFiles/phase.elf.dir/Core/Src/syscalls.c.obj
LOAD CMakeFiles/phase.elf.dir/Core/Src/system_stm32f4xx.c.obj
LOAD CMakeFiles/phase.elf.dir/Core/Src/tim.c.obj
LOAD CMakeFiles/phase.elf.dir/Core/Src/usart.c.obj
LOAD CMakeFiles/phase.elf.dir/Drivers/CMSIS/DSP_LIB/Source/BasicMathFunctions/arm_abs_f32.c.obj
LOAD CMakeFiles/phase.elf.dir/Drivers/CMSIS/DSP_LIB/Source/BasicMathFunctions/arm_abs_q15.c.obj
LOAD CMakeFiles/phase.elf.dir/Drivers/CMSIS/DSP_LIB/Source/BasicMathFunctions/arm_abs_q31.c.obj
LOAD CMakeFiles/phase.elf.dir/Drivers/CMSIS/DSP_LIB/Source/BasicMathFunctions/arm_abs_q7.c.obj
LOAD CMakeFiles/phase.elf.dir/Drivers/CMSIS/DSP_LIB/Source/BasicMathFunctions/arm_add_f32.c.obj
LOAD CMakeFiles/phase.elf.dir/Drivers/CMSIS/DSP_LIB/Source/BasicMathFunctions/arm_add_q15.c.obj
LOAD CMakeFiles/phase.elf.dir/Drivers/CMSIS/DSP_LIB/Source/BasicMathFunctions/arm_add_q31.c.obj
LOAD CMakeFiles/phase.elf.dir/Drivers/CMSIS/DSP_LIB/Source/BasicMathFunctions/arm_add_q7.c.obj
LOAD CMakeFiles/phase.elf.dir/Drivers/CMSIS/DSP_LIB/Source/BasicMathFunctions/arm_dot_prod_f32.c.obj
LOAD CMakeFiles/phase.elf.dir/Drivers/CMSIS/DSP_LIB/Source/BasicMathFunctions/arm_dot_prod_q15.c.obj
LOAD CMakeFiles/phase.elf.dir/Drivers/CMSIS/DSP_LIB/Source/BasicMathFunctions/arm_dot_prod_q31.c.obj
LOAD CMakeFiles/phase.elf.dir/Drivers/CMSIS/DSP_LIB/Source/BasicMathFunctions/arm_dot_prod_q7.c.obj
LOAD CMakeFiles/phase.elf.dir/Drivers/CMSIS/DSP_LIB/Source/BasicMathFunctions/arm_mult_f32.c.obj
LOAD CMakeFiles/phase.elf.dir/Drivers/CMSIS/DSP_LIB/Source/BasicMathFunctions/arm_mult_q15.c.obj
LOAD CMakeFiles/phase.elf.dir/Drivers/CMSIS/DSP_LIB/Source/BasicMathFunctions/arm_mult_q31.c.obj
LOAD CMakeFiles/phase.elf.dir/Drivers/CMSIS/DSP_LIB/Source/BasicMathFunctions/arm_mult_q7.c.obj
LOAD CMakeFiles/phase.elf.dir/Drivers/CMSIS/DSP_LIB/Source/BasicMathFunctions/arm_negate_f32.c.obj
LOAD CMakeFiles/phase.elf.dir/Drivers/CMSIS/DSP_LIB/Source/BasicMathFunctions/arm_negate_q15.c.obj
LOAD CMakeFiles/phase.elf.dir/Drivers/CMSIS/DSP_LIB/Source/BasicMathFunctions/arm_negate_q31.c.obj
LOAD CMakeFiles/phase.elf.dir/Drivers/CMSIS/DSP_LIB/Source/BasicMathFunctions/arm_negate_q7.c.obj
LOAD CMakeFiles/phase.elf.dir/Drivers/CMSIS/DSP_LIB/Source/BasicMathFunctions/arm_offset_f32.c.obj
LOAD CMakeFiles/phase.elf.dir/Drivers/CMSIS/DSP_LIB/Source/BasicMathFunctions/arm_offset_q15.c.obj
LOAD CMakeFiles/phase.elf.dir/Drivers/CMSIS/DSP_LIB/Source/BasicMathFunctions/arm_offset_q31.c.obj
LOAD CMakeFiles/phase.elf.dir/Drivers/CMSIS/DSP_LIB/Source/BasicMathFunctions/arm_offset_q7.c.obj
LOAD CMakeFiles/phase.elf.dir/Drivers/CMSIS/DSP_LIB/Source/BasicMathFunctions/arm_scale_f32.c.obj
LOAD CMakeFiles/phase.elf.dir/Drivers/CMSIS/DSP_LIB/Source/BasicMathFunctions/arm_scale_q15.c.obj
LOAD CMakeFiles/phase.elf.dir/Drivers/CMSIS/DSP_LIB/Source/BasicMathFunctions/arm_scale_q31.c.obj
LOAD CMakeFiles/phase.elf.dir/Drivers/CMSIS/DSP_LIB/Source/BasicMathFunctions/arm_scale_q7.c.obj
LOAD CMakeFiles/phase.elf.dir/Drivers/CMSIS/DSP_LIB/Source/BasicMathFunctions/arm_shift_q15.c.obj
LOAD CMakeFiles/phase.elf.dir/Drivers/CMSIS/DSP_LIB/Source/BasicMathFunctions/arm_shift_q31.c.obj
LOAD CMakeFiles/phase.elf.dir/Drivers/CMSIS/DSP_LIB/Source/BasicMathFunctions/arm_shift_q7.c.obj
LOAD CMakeFiles/phase.elf.dir/Drivers/CMSIS/DSP_LIB/Source/BasicMathFunctions/arm_sub_f32.c.obj
LOAD CMakeFiles/phase.elf.dir/Drivers/CMSIS/DSP_LIB/Source/BasicMathFunctions/arm_sub_q15.c.obj
LOAD CMakeFiles/phase.elf.dir/Drivers/CMSIS/DSP_LIB/Source/BasicMathFunctions/arm_sub_q31.c.obj
LOAD CMakeFiles/phase.elf.dir/Drivers/CMSIS/DSP_LIB/Source/BasicMathFunctions/arm_sub_q7.c.obj
LOAD CMakeFiles/phase.elf.dir/Drivers/CMSIS/DSP_LIB/Source/CommonTables/arm_common_tables.c.obj
LOAD CMakeFiles/phase.elf.dir/Drivers/CMSIS/DSP_LIB/Source/CommonTables/arm_const_structs.c.obj
LOAD CMakeFiles/phase.elf.dir/Drivers/CMSIS/DSP_LIB/Source/ComplexMathFunctions/arm_cmplx_conj_f32.c.obj
LOAD CMakeFiles/phase.elf.dir/Drivers/CMSIS/DSP_LIB/Source/ComplexMathFunctions/arm_cmplx_conj_q15.c.obj
LOAD CMakeFiles/phase.elf.dir/Drivers/CMSIS/DSP_LIB/Source/ComplexMathFunctions/arm_cmplx_conj_q31.c.obj
LOAD CMakeFiles/phase.elf.dir/Drivers/CMSIS/DSP_LIB/Source/ComplexMathFunctions/arm_cmplx_dot_prod_f32.c.obj
LOAD CMakeFiles/phase.elf.dir/Drivers/CMSIS/DSP_LIB/Source/ComplexMathFunctions/arm_cmplx_dot_prod_q15.c.obj
LOAD CMakeFiles/phase.elf.dir/Drivers/CMSIS/DSP_LIB/Source/ComplexMathFunctions/arm_cmplx_dot_prod_q31.c.obj
LOAD CMakeFiles/phase.elf.dir/Drivers/CMSIS/DSP_LIB/Source/ComplexMathFunctions/arm_cmplx_mag_f32.c.obj
LOAD CMakeFiles/phase.elf.dir/Drivers/CMSIS/DSP_LIB/Source/ComplexMathFunctions/arm_cmplx_mag_q15.c.obj
LOAD CMakeFiles/phase.elf.dir/Drivers/CMSIS/DSP_LIB/Source/ComplexMathFunctions/arm_cmplx_mag_q31.c.obj
LOAD CMakeFiles/phase.elf.dir/Drivers/CMSIS/DSP_LIB/Source/ComplexMathFunctions/arm_cmplx_mag_squared_f32.c.obj
LOAD CMakeFiles/phase.elf.dir/Drivers/CMSIS/DSP_LIB/Source/ComplexMathFunctions/arm_cmplx_mag_squared_q15.c.obj
LOAD CMakeFiles/phase.elf.dir/Drivers/CMSIS/DSP_LIB/Source/ComplexMathFunctions/arm_cmplx_mag_squared_q31.c.obj
LOAD CMakeFiles/phase.elf.dir/Drivers/CMSIS/DSP_LIB/Source/ComplexMathFunctions/arm_cmplx_mult_cmplx_f32.c.obj
LOAD CMakeFiles/phase.elf.dir/Drivers/CMSIS/DSP_LIB/Source/ComplexMathFunctions/arm_cmplx_mult_cmplx_q15.c.obj
LOAD CMakeFiles/phase.elf.dir/Drivers/CMSIS/DSP_LIB/Source/ComplexMathFunctions/arm_cmplx_mult_cmplx_q31.c.obj
LOAD CMakeFiles/phase.elf.dir/Drivers/CMSIS/DSP_LIB/Source/ComplexMathFunctions/arm_cmplx_mult_real_f32.c.obj
LOAD CMakeFiles/phase.elf.dir/Drivers/CMSIS/DSP_LIB/Source/ComplexMathFunctions/arm_cmplx_mult_real_q15.c.obj
LOAD CMakeFiles/phase.elf.dir/Drivers/CMSIS/DSP_LIB/Source/ComplexMathFunctions/arm_cmplx_mult_real_q31.c.obj
LOAD CMakeFiles/phase.elf.dir/Drivers/CMSIS/DSP_LIB/Source/ControllerFunctions/arm_pid_init_f32.c.obj
LOAD CMakeFiles/phase.elf.dir/Drivers/CMSIS/DSP_LIB/Source/ControllerFunctions/arm_pid_init_q15.c.obj
LOAD CMakeFiles/phase.elf.dir/Drivers/CMSIS/DSP_LIB/Source/ControllerFunctions/arm_pid_init_q31.c.obj
LOAD CMakeFiles/phase.elf.dir/Drivers/CMSIS/DSP_LIB/Source/ControllerFunctions/arm_pid_reset_f32.c.obj
LOAD CMakeFiles/phase.elf.dir/Drivers/CMSIS/DSP_LIB/Source/ControllerFunctions/arm_pid_reset_q15.c.obj
LOAD CMakeFiles/phase.elf.dir/Drivers/CMSIS/DSP_LIB/Source/ControllerFunctions/arm_pid_reset_q31.c.obj
LOAD CMakeFiles/phase.elf.dir/Drivers/CMSIS/DSP_LIB/Source/ControllerFunctions/arm_sin_cos_f32.c.obj
LOAD CMakeFiles/phase.elf.dir/Drivers/CMSIS/DSP_LIB/Source/ControllerFunctions/arm_sin_cos_q31.c.obj
LOAD CMakeFiles/phase.elf.dir/Drivers/CMSIS/DSP_LIB/Source/FastMathFunctions/arm_cos_f32.c.obj
LOAD CMakeFiles/phase.elf.dir/Drivers/CMSIS/DSP_LIB/Source/FastMathFunctions/arm_cos_q15.c.obj
LOAD CMakeFiles/phase.elf.dir/Drivers/CMSIS/DSP_LIB/Source/FastMathFunctions/arm_cos_q31.c.obj
LOAD CMakeFiles/phase.elf.dir/Drivers/CMSIS/DSP_LIB/Source/FastMathFunctions/arm_sin_f32.c.obj
LOAD CMakeFiles/phase.elf.dir/Drivers/CMSIS/DSP_LIB/Source/FastMathFunctions/arm_sin_q15.c.obj
LOAD CMakeFiles/phase.elf.dir/Drivers/CMSIS/DSP_LIB/Source/FastMathFunctions/arm_sin_q31.c.obj
LOAD CMakeFiles/phase.elf.dir/Drivers/CMSIS/DSP_LIB/Source/FastMathFunctions/arm_sqrt_q15.c.obj
LOAD CMakeFiles/phase.elf.dir/Drivers/CMSIS/DSP_LIB/Source/FastMathFunctions/arm_sqrt_q31.c.obj
LOAD CMakeFiles/phase.elf.dir/Drivers/CMSIS/DSP_LIB/Source/FilteringFunctions/arm_biquad_cascade_df1_32x64_init_q31.c.obj
LOAD CMakeFiles/phase.elf.dir/Drivers/CMSIS/DSP_LIB/Source/FilteringFunctions/arm_biquad_cascade_df1_32x64_q31.c.obj
LOAD CMakeFiles/phase.elf.dir/Drivers/CMSIS/DSP_LIB/Source/FilteringFunctions/arm_biquad_cascade_df1_f32.c.obj
LOAD CMakeFiles/phase.elf.dir/Drivers/CMSIS/DSP_LIB/Source/FilteringFunctions/arm_biquad_cascade_df1_fast_q15.c.obj
LOAD CMakeFiles/phase.elf.dir/Drivers/CMSIS/DSP_LIB/Source/FilteringFunctions/arm_biquad_cascade_df1_fast_q31.c.obj
LOAD CMakeFiles/phase.elf.dir/Drivers/CMSIS/DSP_LIB/Source/FilteringFunctions/arm_biquad_cascade_df1_init_f32.c.obj
LOAD CMakeFiles/phase.elf.dir/Drivers/CMSIS/DSP_LIB/Source/FilteringFunctions/arm_biquad_cascade_df1_init_q15.c.obj
LOAD CMakeFiles/phase.elf.dir/Drivers/CMSIS/DSP_LIB/Source/FilteringFunctions/arm_biquad_cascade_df1_init_q31.c.obj
LOAD CMakeFiles/phase.elf.dir/Drivers/CMSIS/DSP_LIB/Source/FilteringFunctions/arm_biquad_cascade_df1_q15.c.obj
LOAD CMakeFiles/phase.elf.dir/Drivers/CMSIS/DSP_LIB/Source/FilteringFunctions/arm_biquad_cascade_df1_q31.c.obj
LOAD CMakeFiles/phase.elf.dir/Drivers/CMSIS/DSP_LIB/Source/FilteringFunctions/arm_biquad_cascade_df2T_f32.c.obj
LOAD CMakeFiles/phase.elf.dir/Drivers/CMSIS/DSP_LIB/Source/FilteringFunctions/arm_biquad_cascade_df2T_f64.c.obj
LOAD CMakeFiles/phase.elf.dir/Drivers/CMSIS/DSP_LIB/Source/FilteringFunctions/arm_biquad_cascade_df2T_init_f32.c.obj
LOAD CMakeFiles/phase.elf.dir/Drivers/CMSIS/DSP_LIB/Source/FilteringFunctions/arm_biquad_cascade_df2T_init_f64.c.obj
LOAD CMakeFiles/phase.elf.dir/Drivers/CMSIS/DSP_LIB/Source/FilteringFunctions/arm_biquad_cascade_stereo_df2T_f32.c.obj
LOAD CMakeFiles/phase.elf.dir/Drivers/CMSIS/DSP_LIB/Source/FilteringFunctions/arm_biquad_cascade_stereo_df2T_init_f32.c.obj
LOAD CMakeFiles/phase.elf.dir/Drivers/CMSIS/DSP_LIB/Source/FilteringFunctions/arm_conv_f32.c.obj
LOAD CMakeFiles/phase.elf.dir/Drivers/CMSIS/DSP_LIB/Source/FilteringFunctions/arm_conv_fast_opt_q15.c.obj
LOAD CMakeFiles/phase.elf.dir/Drivers/CMSIS/DSP_LIB/Source/FilteringFunctions/arm_conv_fast_q15.c.obj
LOAD CMakeFiles/phase.elf.dir/Drivers/CMSIS/DSP_LIB/Source/FilteringFunctions/arm_conv_fast_q31.c.obj
LOAD CMakeFiles/phase.elf.dir/Drivers/CMSIS/DSP_LIB/Source/FilteringFunctions/arm_conv_opt_q15.c.obj
LOAD CMakeFiles/phase.elf.dir/Drivers/CMSIS/DSP_LIB/Source/FilteringFunctions/arm_conv_opt_q7.c.obj
LOAD CMakeFiles/phase.elf.dir/Drivers/CMSIS/DSP_LIB/Source/FilteringFunctions/arm_conv_partial_f32.c.obj
LOAD CMakeFiles/phase.elf.dir/Drivers/CMSIS/DSP_LIB/Source/FilteringFunctions/arm_conv_partial_fast_opt_q15.c.obj
LOAD CMakeFiles/phase.elf.dir/Drivers/CMSIS/DSP_LIB/Source/FilteringFunctions/arm_conv_partial_fast_q15.c.obj
LOAD CMakeFiles/phase.elf.dir/Drivers/CMSIS/DSP_LIB/Source/FilteringFunctions/arm_conv_partial_fast_q31.c.obj
LOAD CMakeFiles/phase.elf.dir/Drivers/CMSIS/DSP_LIB/Source/FilteringFunctions/arm_conv_partial_opt_q15.c.obj
LOAD CMakeFiles/phase.elf.dir/Drivers/CMSIS/DSP_LIB/Source/FilteringFunctions/arm_conv_partial_opt_q7.c.obj
LOAD CMakeFiles/phase.elf.dir/Drivers/CMSIS/DSP_LIB/Source/FilteringFunctions/arm_conv_partial_q15.c.obj
LOAD CMakeFiles/phase.elf.dir/Drivers/CMSIS/DSP_LIB/Source/FilteringFunctions/arm_conv_partial_q31.c.obj
LOAD CMakeFiles/phase.elf.dir/Drivers/CMSIS/DSP_LIB/Source/FilteringFunctions/arm_conv_partial_q7.c.obj
LOAD CMakeFiles/phase.elf.dir/Drivers/CMSIS/DSP_LIB/Source/FilteringFunctions/arm_conv_q15.c.obj
LOAD CMakeFiles/phase.elf.dir/Drivers/CMSIS/DSP_LIB/Source/FilteringFunctions/arm_conv_q31.c.obj
LOAD CMakeFiles/phase.elf.dir/Drivers/CMSIS/DSP_LIB/Source/FilteringFunctions/arm_conv_q7.c.obj
LOAD CMakeFiles/phase.elf.dir/Drivers/CMSIS/DSP_LIB/Source/FilteringFunctions/arm_correlate_f32.c.obj
LOAD CMakeFiles/phase.elf.dir/Drivers/CMSIS/DSP_LIB/Source/FilteringFunctions/arm_correlate_fast_opt_q15.c.obj
LOAD CMakeFiles/phase.elf.dir/Drivers/CMSIS/DSP_LIB/Source/FilteringFunctions/arm_correlate_fast_q15.c.obj
LOAD CMakeFiles/phase.elf.dir/Drivers/CMSIS/DSP_LIB/Source/FilteringFunctions/arm_correlate_fast_q31.c.obj
LOAD CMakeFiles/phase.elf.dir/Drivers/CMSIS/DSP_LIB/Source/FilteringFunctions/arm_correlate_opt_q15.c.obj
LOAD CMakeFiles/phase.elf.dir/Drivers/CMSIS/DSP_LIB/Source/FilteringFunctions/arm_correlate_opt_q7.c.obj
LOAD CMakeFiles/phase.elf.dir/Drivers/CMSIS/DSP_LIB/Source/FilteringFunctions/arm_correlate_q15.c.obj
LOAD CMakeFiles/phase.elf.dir/Drivers/CMSIS/DSP_LIB/Source/FilteringFunctions/arm_correlate_q31.c.obj
LOAD CMakeFiles/phase.elf.dir/Drivers/CMSIS/DSP_LIB/Source/FilteringFunctions/arm_correlate_q7.c.obj
LOAD CMakeFiles/phase.elf.dir/Drivers/CMSIS/DSP_LIB/Source/FilteringFunctions/arm_fir_decimate_f32.c.obj
LOAD CMakeFiles/phase.elf.dir/Drivers/CMSIS/DSP_LIB/Source/FilteringFunctions/arm_fir_decimate_fast_q15.c.obj
LOAD CMakeFiles/phase.elf.dir/Drivers/CMSIS/DSP_LIB/Source/FilteringFunctions/arm_fir_decimate_fast_q31.c.obj
LOAD CMakeFiles/phase.elf.dir/Drivers/CMSIS/DSP_LIB/Source/FilteringFunctions/arm_fir_decimate_init_f32.c.obj
LOAD CMakeFiles/phase.elf.dir/Drivers/CMSIS/DSP_LIB/Source/FilteringFunctions/arm_fir_decimate_init_q15.c.obj
LOAD CMakeFiles/phase.elf.dir/Drivers/CMSIS/DSP_LIB/Source/FilteringFunctions/arm_fir_decimate_init_q31.c.obj
LOAD CMakeFiles/phase.elf.dir/Drivers/CMSIS/DSP_LIB/Source/FilteringFunctions/arm_fir_decimate_q15.c.obj
LOAD CMakeFiles/phase.elf.dir/Drivers/CMSIS/DSP_LIB/Source/FilteringFunctions/arm_fir_decimate_q31.c.obj
LOAD CMakeFiles/phase.elf.dir/Drivers/CMSIS/DSP_LIB/Source/FilteringFunctions/arm_fir_f32.c.obj
LOAD CMakeFiles/phase.elf.dir/Drivers/CMSIS/DSP_LIB/Source/FilteringFunctions/arm_fir_fast_q15.c.obj
LOAD CMakeFiles/phase.elf.dir/Drivers/CMSIS/DSP_LIB/Source/FilteringFunctions/arm_fir_fast_q31.c.obj
LOAD CMakeFiles/phase.elf.dir/Drivers/CMSIS/DSP_LIB/Source/FilteringFunctions/arm_fir_init_f32.c.obj
LOAD CMakeFiles/phase.elf.dir/Drivers/CMSIS/DSP_LIB/Source/FilteringFunctions/arm_fir_init_q15.c.obj
LOAD CMakeFiles/phase.elf.dir/Drivers/CMSIS/DSP_LIB/Source/FilteringFunctions/arm_fir_init_q31.c.obj
LOAD CMakeFiles/phase.elf.dir/Drivers/CMSIS/DSP_LIB/Source/FilteringFunctions/arm_fir_init_q7.c.obj
LOAD CMakeFiles/phase.elf.dir/Drivers/CMSIS/DSP_LIB/Source/FilteringFunctions/arm_fir_interpolate_f32.c.obj
LOAD CMakeFiles/phase.elf.dir/Drivers/CMSIS/DSP_LIB/Source/FilteringFunctions/arm_fir_interpolate_init_f32.c.obj
LOAD CMakeFiles/phase.elf.dir/Drivers/CMSIS/DSP_LIB/Source/FilteringFunctions/arm_fir_interpolate_init_q15.c.obj
LOAD CMakeFiles/phase.elf.dir/Drivers/CMSIS/DSP_LIB/Source/FilteringFunctions/arm_fir_interpolate_init_q31.c.obj
LOAD CMakeFiles/phase.elf.dir/Drivers/CMSIS/DSP_LIB/Source/FilteringFunctions/arm_fir_interpolate_q15.c.obj
LOAD CMakeFiles/phase.elf.dir/Drivers/CMSIS/DSP_LIB/Source/FilteringFunctions/arm_fir_interpolate_q31.c.obj
LOAD CMakeFiles/phase.elf.dir/Drivers/CMSIS/DSP_LIB/Source/FilteringFunctions/arm_fir_lattice_f32.c.obj
LOAD CMakeFiles/phase.elf.dir/Drivers/CMSIS/DSP_LIB/Source/FilteringFunctions/arm_fir_lattice_init_f32.c.obj
LOAD CMakeFiles/phase.elf.dir/Drivers/CMSIS/DSP_LIB/Source/FilteringFunctions/arm_fir_lattice_init_q15.c.obj
LOAD CMakeFiles/phase.elf.dir/Drivers/CMSIS/DSP_LIB/Source/FilteringFunctions/arm_fir_lattice_init_q31.c.obj
LOAD CMakeFiles/phase.elf.dir/Drivers/CMSIS/DSP_LIB/Source/FilteringFunctions/arm_fir_lattice_q15.c.obj
LOAD CMakeFiles/phase.elf.dir/Drivers/CMSIS/DSP_LIB/Source/FilteringFunctions/arm_fir_lattice_q31.c.obj
LOAD CMakeFiles/phase.elf.dir/Drivers/CMSIS/DSP_LIB/Source/FilteringFunctions/arm_fir_q15.c.obj
LOAD CMakeFiles/phase.elf.dir/Drivers/CMSIS/DSP_LIB/Source/FilteringFunctions/arm_fir_q31.c.obj
LOAD CMakeFiles/phase.elf.dir/Drivers/CMSIS/DSP_LIB/Source/FilteringFunctions/arm_fir_q7.c.obj
LOAD CMakeFiles/phase.elf.dir/Drivers/CMSIS/DSP_LIB/Source/FilteringFunctions/arm_fir_sparse_f32.c.obj
LOAD CMakeFiles/phase.elf.dir/Drivers/CMSIS/DSP_LIB/Source/FilteringFunctions/arm_fir_sparse_init_f32.c.obj
LOAD CMakeFiles/phase.elf.dir/Drivers/CMSIS/DSP_LIB/Source/FilteringFunctions/arm_fir_sparse_init_q15.c.obj
LOAD CMakeFiles/phase.elf.dir/Drivers/CMSIS/DSP_LIB/Source/FilteringFunctions/arm_fir_sparse_init_q31.c.obj
LOAD CMakeFiles/phase.elf.dir/Drivers/CMSIS/DSP_LIB/Source/FilteringFunctions/arm_fir_sparse_init_q7.c.obj
LOAD CMakeFiles/phase.elf.dir/Drivers/CMSIS/DSP_LIB/Source/FilteringFunctions/arm_fir_sparse_q15.c.obj
LOAD CMakeFiles/phase.elf.dir/Drivers/CMSIS/DSP_LIB/Source/FilteringFunctions/arm_fir_sparse_q31.c.obj
LOAD CMakeFiles/phase.elf.dir/Drivers/CMSIS/DSP_LIB/Source/FilteringFunctions/arm_fir_sparse_q7.c.obj
LOAD CMakeFiles/phase.elf.dir/Drivers/CMSIS/DSP_LIB/Source/FilteringFunctions/arm_iir_lattice_f32.c.obj
LOAD CMakeFiles/phase.elf.dir/Drivers/CMSIS/DSP_LIB/Source/FilteringFunctions/arm_iir_lattice_init_f32.c.obj
LOAD CMakeFiles/phase.elf.dir/Drivers/CMSIS/DSP_LIB/Source/FilteringFunctions/arm_iir_lattice_init_q15.c.obj
LOAD CMakeFiles/phase.elf.dir/Drivers/CMSIS/DSP_LIB/Source/FilteringFunctions/arm_iir_lattice_init_q31.c.obj
LOAD CMakeFiles/phase.elf.dir/Drivers/CMSIS/DSP_LIB/Source/FilteringFunctions/arm_iir_lattice_q15.c.obj
LOAD CMakeFiles/phase.elf.dir/Drivers/CMSIS/DSP_LIB/Source/FilteringFunctions/arm_iir_lattice_q31.c.obj
LOAD CMakeFiles/phase.elf.dir/Drivers/CMSIS/DSP_LIB/Source/FilteringFunctions/arm_lms_f32.c.obj
LOAD CMakeFiles/phase.elf.dir/Drivers/CMSIS/DSP_LIB/Source/FilteringFunctions/arm_lms_init_f32.c.obj
LOAD CMakeFiles/phase.elf.dir/Drivers/CMSIS/DSP_LIB/Source/FilteringFunctions/arm_lms_init_q15.c.obj
LOAD CMakeFiles/phase.elf.dir/Drivers/CMSIS/DSP_LIB/Source/FilteringFunctions/arm_lms_init_q31.c.obj
LOAD CMakeFiles/phase.elf.dir/Drivers/CMSIS/DSP_LIB/Source/FilteringFunctions/arm_lms_norm_f32.c.obj
LOAD CMakeFiles/phase.elf.dir/Drivers/CMSIS/DSP_LIB/Source/FilteringFunctions/arm_lms_norm_init_f32.c.obj
LOAD CMakeFiles/phase.elf.dir/Drivers/CMSIS/DSP_LIB/Source/FilteringFunctions/arm_lms_norm_init_q15.c.obj
LOAD CMakeFiles/phase.elf.dir/Drivers/CMSIS/DSP_LIB/Source/FilteringFunctions/arm_lms_norm_init_q31.c.obj
LOAD CMakeFiles/phase.elf.dir/Drivers/CMSIS/DSP_LIB/Source/FilteringFunctions/arm_lms_norm_q15.c.obj
LOAD CMakeFiles/phase.elf.dir/Drivers/CMSIS/DSP_LIB/Source/FilteringFunctions/arm_lms_norm_q31.c.obj
LOAD CMakeFiles/phase.elf.dir/Drivers/CMSIS/DSP_LIB/Source/FilteringFunctions/arm_lms_q15.c.obj
LOAD CMakeFiles/phase.elf.dir/Drivers/CMSIS/DSP_LIB/Source/FilteringFunctions/arm_lms_q31.c.obj
LOAD CMakeFiles/phase.elf.dir/Drivers/CMSIS/DSP_LIB/Source/MatrixFunctions/arm_mat_add_f32.c.obj
LOAD CMakeFiles/phase.elf.dir/Drivers/CMSIS/DSP_LIB/Source/MatrixFunctions/arm_mat_add_q15.c.obj
LOAD CMakeFiles/phase.elf.dir/Drivers/CMSIS/DSP_LIB/Source/MatrixFunctions/arm_mat_add_q31.c.obj
LOAD CMakeFiles/phase.elf.dir/Drivers/CMSIS/DSP_LIB/Source/MatrixFunctions/arm_mat_cmplx_mult_f32.c.obj
LOAD CMakeFiles/phase.elf.dir/Drivers/CMSIS/DSP_LIB/Source/MatrixFunctions/arm_mat_cmplx_mult_q15.c.obj
LOAD CMakeFiles/phase.elf.dir/Drivers/CMSIS/DSP_LIB/Source/MatrixFunctions/arm_mat_cmplx_mult_q31.c.obj
LOAD CMakeFiles/phase.elf.dir/Drivers/CMSIS/DSP_LIB/Source/MatrixFunctions/arm_mat_init_f32.c.obj
LOAD CMakeFiles/phase.elf.dir/Drivers/CMSIS/DSP_LIB/Source/MatrixFunctions/arm_mat_init_q15.c.obj
LOAD CMakeFiles/phase.elf.dir/Drivers/CMSIS/DSP_LIB/Source/MatrixFunctions/arm_mat_init_q31.c.obj
LOAD CMakeFiles/phase.elf.dir/Drivers/CMSIS/DSP_LIB/Source/MatrixFunctions/arm_mat_inverse_f32.c.obj
LOAD CMakeFiles/phase.elf.dir/Drivers/CMSIS/DSP_LIB/Source/MatrixFunctions/arm_mat_inverse_f64.c.obj
LOAD CMakeFiles/phase.elf.dir/Drivers/CMSIS/DSP_LIB/Source/MatrixFunctions/arm_mat_mult_f32.c.obj
LOAD CMakeFiles/phase.elf.dir/Drivers/CMSIS/DSP_LIB/Source/MatrixFunctions/arm_mat_mult_fast_q15.c.obj
LOAD CMakeFiles/phase.elf.dir/Drivers/CMSIS/DSP_LIB/Source/MatrixFunctions/arm_mat_mult_fast_q31.c.obj
LOAD CMakeFiles/phase.elf.dir/Drivers/CMSIS/DSP_LIB/Source/MatrixFunctions/arm_mat_mult_q15.c.obj
LOAD CMakeFiles/phase.elf.dir/Drivers/CMSIS/DSP_LIB/Source/MatrixFunctions/arm_mat_mult_q31.c.obj
LOAD CMakeFiles/phase.elf.dir/Drivers/CMSIS/DSP_LIB/Source/MatrixFunctions/arm_mat_scale_f32.c.obj
LOAD CMakeFiles/phase.elf.dir/Drivers/CMSIS/DSP_LIB/Source/MatrixFunctions/arm_mat_scale_q15.c.obj
LOAD CMakeFiles/phase.elf.dir/Drivers/CMSIS/DSP_LIB/Source/MatrixFunctions/arm_mat_scale_q31.c.obj
LOAD CMakeFiles/phase.elf.dir/Drivers/CMSIS/DSP_LIB/Source/MatrixFunctions/arm_mat_sub_f32.c.obj
LOAD CMakeFiles/phase.elf.dir/Drivers/CMSIS/DSP_LIB/Source/MatrixFunctions/arm_mat_sub_q15.c.obj
LOAD CMakeFiles/phase.elf.dir/Drivers/CMSIS/DSP_LIB/Source/MatrixFunctions/arm_mat_sub_q31.c.obj
LOAD CMakeFiles/phase.elf.dir/Drivers/CMSIS/DSP_LIB/Source/MatrixFunctions/arm_mat_trans_f32.c.obj
LOAD CMakeFiles/phase.elf.dir/Drivers/CMSIS/DSP_LIB/Source/MatrixFunctions/arm_mat_trans_q15.c.obj
LOAD CMakeFiles/phase.elf.dir/Drivers/CMSIS/DSP_LIB/Source/MatrixFunctions/arm_mat_trans_q31.c.obj
LOAD CMakeFiles/phase.elf.dir/Drivers/CMSIS/DSP_LIB/Source/StatisticsFunctions/arm_max_f32.c.obj
LOAD CMakeFiles/phase.elf.dir/Drivers/CMSIS/DSP_LIB/Source/StatisticsFunctions/arm_max_q15.c.obj
LOAD CMakeFiles/phase.elf.dir/Drivers/CMSIS/DSP_LIB/Source/StatisticsFunctions/arm_max_q31.c.obj
LOAD CMakeFiles/phase.elf.dir/Drivers/CMSIS/DSP_LIB/Source/StatisticsFunctions/arm_max_q7.c.obj
LOAD CMakeFiles/phase.elf.dir/Drivers/CMSIS/DSP_LIB/Source/StatisticsFunctions/arm_mean_f32.c.obj
LOAD CMakeFiles/phase.elf.dir/Drivers/CMSIS/DSP_LIB/Source/StatisticsFunctions/arm_mean_q15.c.obj
LOAD CMakeFiles/phase.elf.dir/Drivers/CMSIS/DSP_LIB/Source/StatisticsFunctions/arm_mean_q31.c.obj
LOAD CMakeFiles/phase.elf.dir/Drivers/CMSIS/DSP_LIB/Source/StatisticsFunctions/arm_mean_q7.c.obj
LOAD CMakeFiles/phase.elf.dir/Drivers/CMSIS/DSP_LIB/Source/StatisticsFunctions/arm_min_f32.c.obj
LOAD CMakeFiles/phase.elf.dir/Drivers/CMSIS/DSP_LIB/Source/StatisticsFunctions/arm_min_q15.c.obj
LOAD CMakeFiles/phase.elf.dir/Drivers/CMSIS/DSP_LIB/Source/StatisticsFunctions/arm_min_q31.c.obj
LOAD CMakeFiles/phase.elf.dir/Drivers/CMSIS/DSP_LIB/Source/StatisticsFunctions/arm_min_q7.c.obj
LOAD CMakeFiles/phase.elf.dir/Drivers/CMSIS/DSP_LIB/Source/StatisticsFunctions/arm_power_f32.c.obj
LOAD CMakeFiles/phase.elf.dir/Drivers/CMSIS/DSP_LIB/Source/StatisticsFunctions/arm_power_q15.c.obj
LOAD CMakeFiles/phase.elf.dir/Drivers/CMSIS/DSP_LIB/Source/StatisticsFunctions/arm_power_q31.c.obj
LOAD CMakeFiles/phase.elf.dir/Drivers/CMSIS/DSP_LIB/Source/StatisticsFunctions/arm_power_q7.c.obj
LOAD CMakeFiles/phase.elf.dir/Drivers/CMSIS/DSP_LIB/Source/StatisticsFunctions/arm_rms_f32.c.obj
LOAD CMakeFiles/phase.elf.dir/Drivers/CMSIS/DSP_LIB/Source/StatisticsFunctions/arm_rms_q15.c.obj
LOAD CMakeFiles/phase.elf.dir/Drivers/CMSIS/DSP_LIB/Source/StatisticsFunctions/arm_rms_q31.c.obj
LOAD CMakeFiles/phase.elf.dir/Drivers/CMSIS/DSP_LIB/Source/StatisticsFunctions/arm_std_f32.c.obj
LOAD CMakeFiles/phase.elf.dir/Drivers/CMSIS/DSP_LIB/Source/StatisticsFunctions/arm_std_q15.c.obj
LOAD CMakeFiles/phase.elf.dir/Drivers/CMSIS/DSP_LIB/Source/StatisticsFunctions/arm_std_q31.c.obj
LOAD CMakeFiles/phase.elf.dir/Drivers/CMSIS/DSP_LIB/Source/StatisticsFunctions/arm_var_f32.c.obj
LOAD CMakeFiles/phase.elf.dir/Drivers/CMSIS/DSP_LIB/Source/StatisticsFunctions/arm_var_q15.c.obj
LOAD CMakeFiles/phase.elf.dir/Drivers/CMSIS/DSP_LIB/Source/StatisticsFunctions/arm_var_q31.c.obj
LOAD CMakeFiles/phase.elf.dir/Drivers/CMSIS/DSP_LIB/Source/SupportFunctions/arm_copy_f32.c.obj
LOAD CMakeFiles/phase.elf.dir/Drivers/CMSIS/DSP_LIB/Source/SupportFunctions/arm_copy_q15.c.obj
LOAD CMakeFiles/phase.elf.dir/Drivers/CMSIS/DSP_LIB/Source/SupportFunctions/arm_copy_q31.c.obj
LOAD CMakeFiles/phase.elf.dir/Drivers/CMSIS/DSP_LIB/Source/SupportFunctions/arm_copy_q7.c.obj
LOAD CMakeFiles/phase.elf.dir/Drivers/CMSIS/DSP_LIB/Source/SupportFunctions/arm_fill_f32.c.obj
LOAD CMakeFiles/phase.elf.dir/Drivers/CMSIS/DSP_LIB/Source/SupportFunctions/arm_fill_q15.c.obj
LOAD CMakeFiles/phase.elf.dir/Drivers/CMSIS/DSP_LIB/Source/SupportFunctions/arm_fill_q31.c.obj
LOAD CMakeFiles/phase.elf.dir/Drivers/CMSIS/DSP_LIB/Source/SupportFunctions/arm_fill_q7.c.obj
LOAD CMakeFiles/phase.elf.dir/Drivers/CMSIS/DSP_LIB/Source/SupportFunctions/arm_float_to_q15.c.obj
LOAD CMakeFiles/phase.elf.dir/Drivers/CMSIS/DSP_LIB/Source/SupportFunctions/arm_float_to_q31.c.obj
LOAD CMakeFiles/phase.elf.dir/Drivers/CMSIS/DSP_LIB/Source/SupportFunctions/arm_float_to_q7.c.obj
LOAD CMakeFiles/phase.elf.dir/Drivers/CMSIS/DSP_LIB/Source/SupportFunctions/arm_q15_to_float.c.obj
LOAD CMakeFiles/phase.elf.dir/Drivers/CMSIS/DSP_LIB/Source/SupportFunctions/arm_q15_to_q31.c.obj
LOAD CMakeFiles/phase.elf.dir/Drivers/CMSIS/DSP_LIB/Source/SupportFunctions/arm_q15_to_q7.c.obj
LOAD CMakeFiles/phase.elf.dir/Drivers/CMSIS/DSP_LIB/Source/SupportFunctions/arm_q31_to_float.c.obj
LOAD CMakeFiles/phase.elf.dir/Drivers/CMSIS/DSP_LIB/Source/SupportFunctions/arm_q31_to_q15.c.obj
LOAD CMakeFiles/phase.elf.dir/Drivers/CMSIS/DSP_LIB/Source/SupportFunctions/arm_q31_to_q7.c.obj
LOAD CMakeFiles/phase.elf.dir/Drivers/CMSIS/DSP_LIB/Source/SupportFunctions/arm_q7_to_float.c.obj
LOAD CMakeFiles/phase.elf.dir/Drivers/CMSIS/DSP_LIB/Source/SupportFunctions/arm_q7_to_q15.c.obj
LOAD CMakeFiles/phase.elf.dir/Drivers/CMSIS/DSP_LIB/Source/SupportFunctions/arm_q7_to_q31.c.obj
LOAD CMakeFiles/phase.elf.dir/Drivers/CMSIS/DSP_LIB/Source/TransformFunctions/arm_bitreversal.c.obj
LOAD CMakeFiles/phase.elf.dir/Drivers/CMSIS/DSP_LIB/Source/TransformFunctions/arm_bitreversal2.S.obj
LOAD CMakeFiles/phase.elf.dir/Drivers/CMSIS/DSP_LIB/Source/TransformFunctions/arm_cfft_f32.c.obj
LOAD CMakeFiles/phase.elf.dir/Drivers/CMSIS/DSP_LIB/Source/TransformFunctions/arm_cfft_q15.c.obj
LOAD CMakeFiles/phase.elf.dir/Drivers/CMSIS/DSP_LIB/Source/TransformFunctions/arm_cfft_q31.c.obj
LOAD CMakeFiles/phase.elf.dir/Drivers/CMSIS/DSP_LIB/Source/TransformFunctions/arm_cfft_radix2_f32.c.obj
LOAD CMakeFiles/phase.elf.dir/Drivers/CMSIS/DSP_LIB/Source/TransformFunctions/arm_cfft_radix2_init_f32.c.obj
LOAD CMakeFiles/phase.elf.dir/Drivers/CMSIS/DSP_LIB/Source/TransformFunctions/arm_cfft_radix2_init_q15.c.obj
LOAD CMakeFiles/phase.elf.dir/Drivers/CMSIS/DSP_LIB/Source/TransformFunctions/arm_cfft_radix2_init_q31.c.obj
LOAD CMakeFiles/phase.elf.dir/Drivers/CMSIS/DSP_LIB/Source/TransformFunctions/arm_cfft_radix2_q15.c.obj
LOAD CMakeFiles/phase.elf.dir/Drivers/CMSIS/DSP_LIB/Source/TransformFunctions/arm_cfft_radix2_q31.c.obj
LOAD CMakeFiles/phase.elf.dir/Drivers/CMSIS/DSP_LIB/Source/TransformFunctions/arm_cfft_radix4_f32.c.obj
LOAD CMakeFiles/phase.elf.dir/Drivers/CMSIS/DSP_LIB/Source/TransformFunctions/arm_cfft_radix4_init_f32.c.obj
LOAD CMakeFiles/phase.elf.dir/Drivers/CMSIS/DSP_LIB/Source/TransformFunctions/arm_cfft_radix4_init_q15.c.obj
LOAD CMakeFiles/phase.elf.dir/Drivers/CMSIS/DSP_LIB/Source/TransformFunctions/arm_cfft_radix4_init_q31.c.obj
LOAD CMakeFiles/phase.elf.dir/Drivers/CMSIS/DSP_LIB/Source/TransformFunctions/arm_cfft_radix4_q15.c.obj
LOAD CMakeFiles/phase.elf.dir/Drivers/CMSIS/DSP_LIB/Source/TransformFunctions/arm_cfft_radix4_q31.c.obj
LOAD CMakeFiles/phase.elf.dir/Drivers/CMSIS/DSP_LIB/Source/TransformFunctions/arm_cfft_radix8_f32.c.obj
LOAD CMakeFiles/phase.elf.dir/Drivers/CMSIS/DSP_LIB/Source/TransformFunctions/arm_dct4_f32.c.obj
LOAD CMakeFiles/phase.elf.dir/Drivers/CMSIS/DSP_LIB/Source/TransformFunctions/arm_dct4_init_f32.c.obj
LOAD CMakeFiles/phase.elf.dir/Drivers/CMSIS/DSP_LIB/Source/TransformFunctions/arm_dct4_init_q15.c.obj
LOAD CMakeFiles/phase.elf.dir/Drivers/CMSIS/DSP_LIB/Source/TransformFunctions/arm_dct4_init_q31.c.obj
LOAD CMakeFiles/phase.elf.dir/Drivers/CMSIS/DSP_LIB/Source/TransformFunctions/arm_dct4_q15.c.obj
LOAD CMakeFiles/phase.elf.dir/Drivers/CMSIS/DSP_LIB/Source/TransformFunctions/arm_dct4_q31.c.obj
LOAD CMakeFiles/phase.elf.dir/Drivers/CMSIS/DSP_LIB/Source/TransformFunctions/arm_rfft_f32.c.obj
LOAD CMakeFiles/phase.elf.dir/Drivers/CMSIS/DSP_LIB/Source/TransformFunctions/arm_rfft_fast_f32.c.obj
LOAD CMakeFiles/phase.elf.dir/Drivers/CMSIS/DSP_LIB/Source/TransformFunctions/arm_rfft_fast_init_f32.c.obj
LOAD CMakeFiles/phase.elf.dir/Drivers/CMSIS/DSP_LIB/Source/TransformFunctions/arm_rfft_init_f32.c.obj
LOAD CMakeFiles/phase.elf.dir/Drivers/CMSIS/DSP_LIB/Source/TransformFunctions/arm_rfft_init_q15.c.obj
LOAD CMakeFiles/phase.elf.dir/Drivers/CMSIS/DSP_LIB/Source/TransformFunctions/arm_rfft_init_q31.c.obj
LOAD CMakeFiles/phase.elf.dir/Drivers/CMSIS/DSP_LIB/Source/TransformFunctions/arm_rfft_q15.c.obj
LOAD CMakeFiles/phase.elf.dir/Drivers/CMSIS/DSP_LIB/Source/TransformFunctions/arm_rfft_q31.c.obj
LOAD CMakeFiles/phase.elf.dir/Drivers/STM32F4xx_HAL_Driver/Src/stm32f4xx_hal.c.obj
LOAD CMakeFiles/phase.elf.dir/Drivers/STM32F4xx_HAL_Driver/Src/stm32f4xx_hal_adc.c.obj
LOAD CMakeFiles/phase.elf.dir/Drivers/STM32F4xx_HAL_Driver/Src/stm32f4xx_hal_adc_ex.c.obj
LOAD CMakeFiles/phase.elf.dir/Drivers/STM32F4xx_HAL_Driver/Src/stm32f4xx_hal_cortex.c.obj
LOAD CMakeFiles/phase.elf.dir/Drivers/STM32F4xx_HAL_Driver/Src/stm32f4xx_hal_dma.c.obj
LOAD CMakeFiles/phase.elf.dir/Drivers/STM32F4xx_HAL_Driver/Src/stm32f4xx_hal_dma_ex.c.obj
LOAD CMakeFiles/phase.elf.dir/Drivers/STM32F4xx_HAL_Driver/Src/stm32f4xx_hal_exti.c.obj
LOAD CMakeFiles/phase.elf.dir/Drivers/STM32F4xx_HAL_Driver/Src/stm32f4xx_hal_flash.c.obj
LOAD CMakeFiles/phase.elf.dir/Drivers/STM32F4xx_HAL_Driver/Src/stm32f4xx_hal_flash_ex.c.obj
LOAD CMakeFiles/phase.elf.dir/Drivers/STM32F4xx_HAL_Driver/Src/stm32f4xx_hal_flash_ramfunc.c.obj
LOAD CMakeFiles/phase.elf.dir/Drivers/STM32F4xx_HAL_Driver/Src/stm32f4xx_hal_gpio.c.obj
LOAD CMakeFiles/phase.elf.dir/Drivers/STM32F4xx_HAL_Driver/Src/stm32f4xx_hal_pwr.c.obj
LOAD CMakeFiles/phase.elf.dir/Drivers/STM32F4xx_HAL_Driver/Src/stm32f4xx_hal_pwr_ex.c.obj
LOAD CMakeFiles/phase.elf.dir/Drivers/STM32F4xx_HAL_Driver/Src/stm32f4xx_hal_rcc.c.obj
LOAD CMakeFiles/phase.elf.dir/Drivers/STM32F4xx_HAL_Driver/Src/stm32f4xx_hal_rcc_ex.c.obj
LOAD CMakeFiles/phase.elf.dir/Drivers/STM32F4xx_HAL_Driver/Src/stm32f4xx_hal_tim.c.obj
LOAD CMakeFiles/phase.elf.dir/Drivers/STM32F4xx_HAL_Driver/Src/stm32f4xx_hal_tim_ex.c.obj
LOAD CMakeFiles/phase.elf.dir/Drivers/STM32F4xx_HAL_Driver/Src/stm32f4xx_hal_uart.c.obj
LOAD CMakeFiles/phase.elf.dir/User/Src/apfft.c.obj
LOAD CMakeFiles/phase.elf.dir/User/Src/correlation.c.obj
LOAD CMakeFiles/phase.elf.dir/User/Src/fft_user.c.obj
LOAD CMakeFiles/phase.elf.dir/User/Src/windows_user.c.obj
LOAD CMakeFiles/phase.elf.dir/startup/startup_stm32f407xx.s.obj
START GROUP
LOAD f:/program_files/software/gcc-arm-none-eabi-10.3-2021.10-win32/gcc-arm-none-eabi-10.3-2021.10/bin/../lib/gcc/arm-none-eabi/10.3.1/thumb/v7e-m+fp/hard\libgcc.a
LOAD f:/program_files/software/gcc-arm-none-eabi-10.3-2021.10-win32/gcc-arm-none-eabi-10.3-2021.10/bin/../lib/gcc/arm-none-eabi/10.3.1/../../../../arm-none-eabi/lib/thumb/v7e-m+fp/hard\libg.a
LOAD f:/program_files/software/gcc-arm-none-eabi-10.3-2021.10-win32/gcc-arm-none-eabi-10.3-2021.10/bin/../lib/gcc/arm-none-eabi/10.3.1/../../../../arm-none-eabi/lib/thumb/v7e-m+fp/hard\libc.a
END GROUP
LOAD f:/program_files/software/gcc-arm-none-eabi-10.3-2021.10-win32/gcc-arm-none-eabi-10.3-2021.10/bin/../lib/gcc/arm-none-eabi/10.3.1/thumb/v7e-m+fp/hard/crtend.o
LOAD f:/program_files/software/gcc-arm-none-eabi-10.3-2021.10-win32/gcc-arm-none-eabi-10.3-2021.10/bin/../lib/gcc/arm-none-eabi/10.3.1/thumb/v7e-m+fp/hard/crtn.o
                0x20020000                _estack = 0x20020000
                0x00000200                _Min_Heap_Size = 0x200
                0x00000400                _Min_Stack_Size = 0x400

.isr_vector     0x08000000      0x188
                0x08000000                . = ALIGN (0x4)
 *(.isr_vector)
 .isr_vector    0x08000000      0x188 CMakeFiles/phase.elf.dir/startup/startup_stm32f407xx.s.obj
                0x08000000                g_pfnVectors
                0x08000188                . = ALIGN (0x4)

.text           0x08000188     0x206c
                0x08000188                . = ALIGN (0x4)
 *(.text)
 .text          0x08000188       0x40 f:/program_files/software/gcc-arm-none-eabi-10.3-2021.10-win32/gcc-arm-none-eabi-10.3-2021.10/bin/../lib/gcc/arm-none-eabi/10.3.1/thumb/v7e-m+fp/hard/crtbegin.o
 .text          0x080001c8       0x30 f:/program_files/software/gcc-arm-none-eabi-10.3-2021.10-win32/gcc-arm-none-eabi-10.3-2021.10/bin/../lib/gcc/arm-none-eabi/10.3.1/thumb/v7e-m+fp/hard\libgcc.a(_aeabi_uldivmod.o)
                0x080001c8                __aeabi_uldivmod
 .text          0x080001f8      0x2d0 f:/program_files/software/gcc-arm-none-eabi-10.3-2021.10-win32/gcc-arm-none-eabi-10.3-2021.10/bin/../lib/gcc/arm-none-eabi/10.3.1/thumb/v7e-m+fp/hard\libgcc.a(_udivmoddi4.o)
                0x080001f8                __udivmoddi4
 .text          0x080004c8        0x4 f:/program_files/software/gcc-arm-none-eabi-10.3-2021.10-win32/gcc-arm-none-eabi-10.3-2021.10/bin/../lib/gcc/arm-none-eabi/10.3.1/thumb/v7e-m+fp/hard\libgcc.a(_dvmd_tls.o)
                0x080004c8                __aeabi_idiv0
                0x080004c8                __aeabi_ldiv0
 *(.text*)
 .text.MX_ADC1_Init
                0x080004cc       0x70 CMakeFiles/phase.elf.dir/Core/Src/adc.c.obj
                0x080004cc                MX_ADC1_Init
 .text.MX_ADC2_Init
                0x0800053c       0x70 CMakeFiles/phase.elf.dir/Core/Src/adc.c.obj
                0x0800053c                MX_ADC2_Init
 .text.HAL_ADC_MspInit
                0x080005ac      0x138 CMakeFiles/phase.elf.dir/Core/Src/adc.c.obj
                0x080005ac                HAL_ADC_MspInit
 .text.MX_DMA_Init
                0x080006e4       0x44 CMakeFiles/phase.elf.dir/Core/Src/dma.c.obj
                0x080006e4                MX_DMA_Init
 .text.MX_GPIO_Init
                0x08000728       0x94 CMakeFiles/phase.elf.dir/Core/Src/gpio.c.obj
                0x08000728                MX_GPIO_Init
 .text.SystemClock_Config
                0x080007bc       0x94 CMakeFiles/phase.elf.dir/Core/Src/main.c.obj
                0x080007bc                SystemClock_Config
 .text.main     0x08000850       0x24 CMakeFiles/phase.elf.dir/Core/Src/main.c.obj
                0x08000850                main
 .text.Error_Handler
                0x08000874        0x2 CMakeFiles/phase.elf.dir/Core/Src/main.c.obj
                0x08000874                Error_Handler
 *fill*         0x08000876        0x2 
 .text.HAL_MspInit
                0x08000878       0x38 CMakeFiles/phase.elf.dir/Core/Src/stm32f4xx_hal_msp.c.obj
                0x08000878                HAL_MspInit
 .text.NMI_Handler
                0x080008b0        0x2 CMakeFiles/phase.elf.dir/Core/Src/stm32f4xx_it.c.obj
                0x080008b0                NMI_Handler
 .text.HardFault_Handler
                0x080008b2        0x2 CMakeFiles/phase.elf.dir/Core/Src/stm32f4xx_it.c.obj
                0x080008b2                HardFault_Handler
 .text.MemManage_Handler
                0x080008b4        0x2 CMakeFiles/phase.elf.dir/Core/Src/stm32f4xx_it.c.obj
                0x080008b4                MemManage_Handler
 .text.BusFault_Handler
                0x080008b6        0x2 CMakeFiles/phase.elf.dir/Core/Src/stm32f4xx_it.c.obj
                0x080008b6                BusFault_Handler
 .text.UsageFault_Handler
                0x080008b8        0x2 CMakeFiles/phase.elf.dir/Core/Src/stm32f4xx_it.c.obj
                0x080008b8                UsageFault_Handler
 .text.SVC_Handler
                0x080008ba        0x2 CMakeFiles/phase.elf.dir/Core/Src/stm32f4xx_it.c.obj
                0x080008ba                SVC_Handler
 .text.DebugMon_Handler
                0x080008bc        0x2 CMakeFiles/phase.elf.dir/Core/Src/stm32f4xx_it.c.obj
                0x080008bc                DebugMon_Handler
 .text.PendSV_Handler
                0x080008be        0x2 CMakeFiles/phase.elf.dir/Core/Src/stm32f4xx_it.c.obj
                0x080008be                PendSV_Handler
 .text.SysTick_Handler
                0x080008c0        0x8 CMakeFiles/phase.elf.dir/Core/Src/stm32f4xx_it.c.obj
                0x080008c0                SysTick_Handler
 .text.DMA2_Stream0_IRQHandler
                0x080008c8       0x10 CMakeFiles/phase.elf.dir/Core/Src/stm32f4xx_it.c.obj
                0x080008c8                DMA2_Stream0_IRQHandler
 .text.DMA2_Stream2_IRQHandler
                0x080008d8       0x10 CMakeFiles/phase.elf.dir/Core/Src/stm32f4xx_it.c.obj
                0x080008d8                DMA2_Stream2_IRQHandler
 .text.SystemInit
                0x080008e8       0x1c CMakeFiles/phase.elf.dir/Core/Src/system_stm32f4xx.c.obj
                0x080008e8                SystemInit
 .text.MX_TIM2_Init
                0x08000904       0x70 CMakeFiles/phase.elf.dir/Core/Src/tim.c.obj
                0x08000904                MX_TIM2_Init
 .text.HAL_TIM_Base_MspInit
                0x08000974       0x2c CMakeFiles/phase.elf.dir/Core/Src/tim.c.obj
                0x08000974                HAL_TIM_Base_MspInit
 .text.MX_USART1_UART_Init
                0x080009a0       0x34 CMakeFiles/phase.elf.dir/Core/Src/usart.c.obj
                0x080009a0                MX_USART1_UART_Init
 .text.HAL_UART_MspInit
                0x080009d4       0x74 CMakeFiles/phase.elf.dir/Core/Src/usart.c.obj
                0x080009d4                HAL_UART_MspInit
 .text.HAL_InitTick
                0x08000a48       0x4c CMakeFiles/phase.elf.dir/Drivers/STM32F4xx_HAL_Driver/Src/stm32f4xx_hal.c.obj
                0x08000a48                HAL_InitTick
 .text.HAL_Init
                0x08000a94       0x34 CMakeFiles/phase.elf.dir/Drivers/STM32F4xx_HAL_Driver/Src/stm32f4xx_hal.c.obj
                0x08000a94                HAL_Init
 .text.HAL_IncTick
                0x08000ac8       0x18 CMakeFiles/phase.elf.dir/Drivers/STM32F4xx_HAL_Driver/Src/stm32f4xx_hal.c.obj
                0x08000ac8                HAL_IncTick
 .text.HAL_GetTick
                0x08000ae0        0xc CMakeFiles/phase.elf.dir/Drivers/STM32F4xx_HAL_Driver/Src/stm32f4xx_hal.c.obj
                0x08000ae0                HAL_GetTick
 .text.ADC_Init
                0x08000aec      0x134 CMakeFiles/phase.elf.dir/Drivers/STM32F4xx_HAL_Driver/Src/stm32f4xx_hal_adc.c.obj
 .text.HAL_ADC_Init
                0x08000c20       0x56 CMakeFiles/phase.elf.dir/Drivers/STM32F4xx_HAL_Driver/Src/stm32f4xx_hal_adc.c.obj
                0x08000c20                HAL_ADC_Init
 *fill*         0x08000c76        0x2 
 .text.HAL_ADC_ConfigChannel
                0x08000c78      0x198 CMakeFiles/phase.elf.dir/Drivers/STM32F4xx_HAL_Driver/Src/stm32f4xx_hal_adc.c.obj
                0x08000c78                HAL_ADC_ConfigChannel
 .text.HAL_NVIC_SetPriorityGrouping
                0x08000e10       0x24 CMakeFiles/phase.elf.dir/Drivers/STM32F4xx_HAL_Driver/Src/stm32f4xx_hal_cortex.c.obj
                0x08000e10                HAL_NVIC_SetPriorityGrouping
 .text.HAL_NVIC_SetPriority
                0x08000e34       0x70 CMakeFiles/phase.elf.dir/Drivers/STM32F4xx_HAL_Driver/Src/stm32f4xx_hal_cortex.c.obj
                0x08000e34                HAL_NVIC_SetPriority
 .text.HAL_NVIC_EnableIRQ
                0x08000ea4       0x1c CMakeFiles/phase.elf.dir/Drivers/STM32F4xx_HAL_Driver/Src/stm32f4xx_hal_cortex.c.obj
                0x08000ea4                HAL_NVIC_EnableIRQ
 .text.HAL_SYSTICK_Config
                0x08000ec0       0x28 CMakeFiles/phase.elf.dir/Drivers/STM32F4xx_HAL_Driver/Src/stm32f4xx_hal_cortex.c.obj
                0x08000ec0                HAL_SYSTICK_Config
 .text.DMA_CalcBaseAndBitshift
                0x08000ee8       0x44 CMakeFiles/phase.elf.dir/Drivers/STM32F4xx_HAL_Driver/Src/stm32f4xx_hal_dma.c.obj
 .text.DMA_CheckFifoParam
                0x08000f2c       0x8e CMakeFiles/phase.elf.dir/Drivers/STM32F4xx_HAL_Driver/Src/stm32f4xx_hal_dma.c.obj
 *fill*         0x08000fba        0x2 
 .text.HAL_DMA_Init
                0x08000fbc       0xcc CMakeFiles/phase.elf.dir/Drivers/STM32F4xx_HAL_Driver/Src/stm32f4xx_hal_dma.c.obj
                0x08000fbc                HAL_DMA_Init
 .text.HAL_DMA_IRQHandler
                0x08001088      0x1dc CMakeFiles/phase.elf.dir/Drivers/STM32F4xx_HAL_Driver/Src/stm32f4xx_hal_dma.c.obj
                0x08001088                HAL_DMA_IRQHandler
 .text.HAL_GPIO_Init
                0x08001264      0x1d0 CMakeFiles/phase.elf.dir/Drivers/STM32F4xx_HAL_Driver/Src/stm32f4xx_hal_gpio.c.obj
                0x08001264                HAL_GPIO_Init
 .text.HAL_GPIO_WritePin
                0x08001434        0xc CMakeFiles/phase.elf.dir/Drivers/STM32F4xx_HAL_Driver/Src/stm32f4xx_hal_gpio.c.obj
                0x08001434                HAL_GPIO_WritePin
 .text.HAL_RCC_OscConfig
                0x08001440      0x3ec CMakeFiles/phase.elf.dir/Drivers/STM32F4xx_HAL_Driver/Src/stm32f4xx_hal_rcc.c.obj
                0x08001440                HAL_RCC_OscConfig
 .text.HAL_RCC_GetSysClockFreq
                0x0800182c       0xd4 CMakeFiles/phase.elf.dir/Drivers/STM32F4xx_HAL_Driver/Src/stm32f4xx_hal_rcc.c.obj
                0x0800182c                HAL_RCC_GetSysClockFreq
 .text.HAL_RCC_ClockConfig
                0x08001900      0x160 CMakeFiles/phase.elf.dir/Drivers/STM32F4xx_HAL_Driver/Src/stm32f4xx_hal_rcc.c.obj
                0x08001900                HAL_RCC_ClockConfig
 .text.HAL_RCC_GetHCLKFreq
                0x08001a60        0xc CMakeFiles/phase.elf.dir/Drivers/STM32F4xx_HAL_Driver/Src/stm32f4xx_hal_rcc.c.obj
                0x08001a60                HAL_RCC_GetHCLKFreq
 .text.HAL_RCC_GetPCLK1Freq
                0x08001a6c       0x20 CMakeFiles/phase.elf.dir/Drivers/STM32F4xx_HAL_Driver/Src/stm32f4xx_hal_rcc.c.obj
                0x08001a6c                HAL_RCC_GetPCLK1Freq
 .text.HAL_RCC_GetPCLK2Freq
                0x08001a8c       0x20 CMakeFiles/phase.elf.dir/Drivers/STM32F4xx_HAL_Driver/Src/stm32f4xx_hal_rcc.c.obj
                0x08001a8c                HAL_RCC_GetPCLK2Freq
 .text.TIM_TI1_ConfigInputStage
                0x08001aac       0x26 CMakeFiles/phase.elf.dir/Drivers/STM32F4xx_HAL_Driver/Src/stm32f4xx_hal_tim.c.obj
 .text.TIM_TI2_ConfigInputStage
                0x08001ad2       0x28 CMakeFiles/phase.elf.dir/Drivers/STM32F4xx_HAL_Driver/Src/stm32f4xx_hal_tim.c.obj
 .text.TIM_ITRx_SetConfig
                0x08001afa       0x10 CMakeFiles/phase.elf.dir/Drivers/STM32F4xx_HAL_Driver/Src/stm32f4xx_hal_tim.c.obj
 *fill*         0x08001b0a        0x2 
 .text.TIM_Base_SetConfig
                0x08001b0c       0xc8 CMakeFiles/phase.elf.dir/Drivers/STM32F4xx_HAL_Driver/Src/stm32f4xx_hal_tim.c.obj
                0x08001b0c                TIM_Base_SetConfig
 .text.HAL_TIM_Base_Init
                0x08001bd4       0x34 CMakeFiles/phase.elf.dir/Drivers/STM32F4xx_HAL_Driver/Src/stm32f4xx_hal_tim.c.obj
                0x08001bd4                HAL_TIM_Base_Init
 .text.TIM_ETR_SetConfig
                0x08001c08       0x1a CMakeFiles/phase.elf.dir/Drivers/STM32F4xx_HAL_Driver/Src/stm32f4xx_hal_tim.c.obj
                0x08001c08                TIM_ETR_SetConfig
 .text.HAL_TIM_ConfigClockSource
                0x08001c22       0xda CMakeFiles/phase.elf.dir/Drivers/STM32F4xx_HAL_Driver/Src/stm32f4xx_hal_tim.c.obj
                0x08001c22                HAL_TIM_ConfigClockSource
 .text.HAL_TIMEx_MasterConfigSynchronization
                0x08001cfc       0x8c CMakeFiles/phase.elf.dir/Drivers/STM32F4xx_HAL_Driver/Src/stm32f4xx_hal_tim_ex.c.obj
                0x08001cfc                HAL_TIMEx_MasterConfigSynchronization
 .text.UART_SetConfig
                0x08001d88      0x1d4 CMakeFiles/phase.elf.dir/Drivers/STM32F4xx_HAL_Driver/Src/stm32f4xx_hal_uart.c.obj
 .text.HAL_UART_Init
                0x08001f5c       0x5e CMakeFiles/phase.elf.dir/Drivers/STM32F4xx_HAL_Driver/Src/stm32f4xx_hal_uart.c.obj
                0x08001f5c                HAL_UART_Init
 *fill*         0x08001fba        0x2 
 .text.Reset_Handler
                0x08001fbc       0x50 CMakeFiles/phase.elf.dir/startup/startup_stm32f407xx.s.obj
                0x08001fbc                Reset_Handler
 .text.Default_Handler
                0x0800200c        0x2 CMakeFiles/phase.elf.dir/startup/startup_stm32f407xx.s.obj
                0x0800200c                RTC_Alarm_IRQHandler
                0x0800200c                HASH_RNG_IRQHandler
                0x0800200c                EXTI2_IRQHandler
                0x0800200c                TIM8_CC_IRQHandler
                0x0800200c                TIM1_CC_IRQHandler
                0x0800200c                DMA2_Stream5_IRQHandler
                0x0800200c                DMA1_Stream5_IRQHandler
                0x0800200c                PVD_IRQHandler
                0x0800200c                SDIO_IRQHandler
                0x0800200c                TAMP_STAMP_IRQHandler
                0x0800200c                CAN2_RX1_IRQHandler
                0x0800200c                EXTI3_IRQHandler
                0x0800200c                TIM8_TRG_COM_TIM14_IRQHandler
                0x0800200c                TIM1_UP_TIM10_IRQHandler
                0x0800200c                TIM8_UP_TIM13_IRQHandler
                0x0800200c                I2C3_ER_IRQHandler
                0x0800200c                EXTI0_IRQHandler
                0x0800200c                I2C2_EV_IRQHandler
                0x0800200c                DMA1_Stream2_IRQHandler
                0x0800200c                CAN1_RX0_IRQHandler
                0x0800200c                FPU_IRQHandler
                0x0800200c                OTG_HS_WKUP_IRQHandler
                0x0800200c                CAN2_SCE_IRQHandler
                0x0800200c                SPI1_IRQHandler
                0x0800200c                TIM6_DAC_IRQHandler
                0x0800200c                TIM1_BRK_TIM9_IRQHandler
                0x0800200c                DCMI_IRQHandler
                0x0800200c                CAN2_RX0_IRQHandler
                0x0800200c                DMA2_Stream3_IRQHandler
                0x0800200c                USART6_IRQHandler
                0x0800200c                USART3_IRQHandler
                0x0800200c                CAN1_RX1_IRQHandler
                0x0800200c                UART5_IRQHandler
                0x0800200c                TIM4_IRQHandler
                0x0800200c                I2C1_EV_IRQHandler
                0x0800200c                DMA1_Stream6_IRQHandler
                0x0800200c                DMA1_Stream1_IRQHandler
                0x0800200c                UART4_IRQHandler
                0x0800200c                TIM3_IRQHandler
                0x0800200c                RCC_IRQHandler
                0x0800200c                TIM8_BRK_TIM12_IRQHandler
                0x0800200c                Default_Handler
                0x0800200c                EXTI15_10_IRQHandler
                0x0800200c                ADC_IRQHandler
                0x0800200c                DMA1_Stream7_IRQHandler
                0x0800200c                TIM7_IRQHandler
                0x0800200c                CAN2_TX_IRQHandler
                0x0800200c                TIM5_IRQHandler
                0x0800200c                DMA2_Stream7_IRQHandler
                0x0800200c                I2C3_EV_IRQHandler
                0x0800200c                EXTI9_5_IRQHandler
                0x0800200c                RTC_WKUP_IRQHandler
                0x0800200c                ETH_WKUP_IRQHandler
                0x0800200c                SPI2_IRQHandler
                0x0800200c                OTG_HS_EP1_IN_IRQHandler
                0x0800200c                DMA1_Stream0_IRQHandler
                0x0800200c                CAN1_TX_IRQHandler
                0x0800200c                EXTI4_IRQHandler
                0x0800200c                FSMC_IRQHandler
                0x0800200c                ETH_IRQHandler
                0x0800200c                OTG_HS_EP1_OUT_IRQHandler
                0x0800200c                WWDG_IRQHandler
                0x0800200c                TIM2_IRQHandler
                0x0800200c                OTG_FS_WKUP_IRQHandler
                0x0800200c                TIM1_TRG_COM_TIM11_IRQHandler
                0x0800200c                OTG_HS_IRQHandler
                0x0800200c                EXTI1_IRQHandler
                0x0800200c                USART2_IRQHandler
                0x0800200c                I2C2_ER_IRQHandler
                0x0800200c                DMA2_Stream1_IRQHandler
                0x0800200c                CAN1_SCE_IRQHandler
                0x0800200c                FLASH_IRQHandler
                0x0800200c                DMA2_Stream4_IRQHandler
                0x0800200c                USART1_IRQHandler
                0x0800200c                OTG_FS_IRQHandler
                0x0800200c                SPI3_IRQHandler
                0x0800200c                DMA1_Stream4_IRQHandler
                0x0800200c                I2C1_ER_IRQHandler
                0x0800200c                DMA2_Stream6_IRQHandler
                0x0800200c                DMA1_Stream3_IRQHandler
 *fill*         0x0800200e        0x2 
 .text.__libc_init_array
                0x08002010       0x48 f:/program_files/software/gcc-arm-none-eabi-10.3-2021.10-win32/gcc-arm-none-eabi-10.3-2021.10/bin/../lib/gcc/arm-none-eabi/10.3.1/../../../../arm-none-eabi/lib/thumb/v7e-m+fp/hard\libg.a(lib_a-init.o)
                0x08002010                __libc_init_array
 .text.memset   0x08002058       0xa4 f:/program_files/software/gcc-arm-none-eabi-10.3-2021.10-win32/gcc-arm-none-eabi-10.3-2021.10/bin/../lib/gcc/arm-none-eabi/10.3.1/../../../../arm-none-eabi/lib/thumb/v7e-m+fp/hard\libg.a(lib_a-memset.o)
                0x08002058                memset
 .text.startup.register_fini
                0x080020fc       0x14 f:/program_files/software/gcc-arm-none-eabi-10.3-2021.10-win32/gcc-arm-none-eabi-10.3-2021.10/bin/../lib/gcc/arm-none-eabi/10.3.1/../../../../arm-none-eabi/lib/thumb/v7e-m+fp/hard\libg.a(lib_a-__call_atexit.o)
 .text.atexit   0x08002110        0xc f:/program_files/software/gcc-arm-none-eabi-10.3-2021.10-win32/gcc-arm-none-eabi-10.3-2021.10/bin/../lib/gcc/arm-none-eabi/10.3.1/../../../../arm-none-eabi/lib/thumb/v7e-m+fp/hard\libg.a(lib_a-atexit.o)
                0x08002110                atexit
 .text.__libc_fini_array
                0x0800211c       0x2c f:/program_files/software/gcc-arm-none-eabi-10.3-2021.10-win32/gcc-arm-none-eabi-10.3-2021.10/bin/../lib/gcc/arm-none-eabi/10.3.1/../../../../arm-none-eabi/lib/thumb/v7e-m+fp/hard\libg.a(lib_a-fini.o)
                0x0800211c                __libc_fini_array
 .text.__retarget_lock_acquire_recursive
                0x08002148        0x4 f:/program_files/software/gcc-arm-none-eabi-10.3-2021.10-win32/gcc-arm-none-eabi-10.3-2021.10/bin/../lib/gcc/arm-none-eabi/10.3.1/../../../../arm-none-eabi/lib/thumb/v7e-m+fp/hard\libg.a(lib_a-lock.o)
                0x08002148                __retarget_lock_acquire_recursive
 .text.__retarget_lock_release_recursive
                0x0800214c        0x4 f:/program_files/software/gcc-arm-none-eabi-10.3-2021.10-win32/gcc-arm-none-eabi-10.3-2021.10/bin/../lib/gcc/arm-none-eabi/10.3.1/../../../../arm-none-eabi/lib/thumb/v7e-m+fp/hard\libg.a(lib_a-lock.o)
                0x0800214c                __retarget_lock_release_recursive
 .text.__register_exitproc
                0x08002150       0x8c f:/program_files/software/gcc-arm-none-eabi-10.3-2021.10-win32/gcc-arm-none-eabi-10.3-2021.10/bin/../lib/gcc/arm-none-eabi/10.3.1/../../../../arm-none-eabi/lib/thumb/v7e-m+fp/hard\libg.a(lib_a-__atexit.o)
                0x08002150                __register_exitproc
 *(.glue_7)
 .glue_7        0x080021dc        0x0 linker stubs
 *(.glue_7t)
 .glue_7t       0x080021dc        0x0 linker stubs
 *(.eh_frame)
 .eh_frame      0x080021dc        0x0 f:/program_files/software/gcc-arm-none-eabi-10.3-2021.10-win32/gcc-arm-none-eabi-10.3-2021.10/bin/../lib/gcc/arm-none-eabi/10.3.1/thumb/v7e-m+fp/hard/crtbegin.o
 *(.init)
 .init          0x080021dc        0x4 f:/program_files/software/gcc-arm-none-eabi-10.3-2021.10-win32/gcc-arm-none-eabi-10.3-2021.10/bin/../lib/gcc/arm-none-eabi/10.3.1/thumb/v7e-m+fp/hard/crti.o
                0x080021dc                _init
 .init          0x080021e0        0x8 f:/program_files/software/gcc-arm-none-eabi-10.3-2021.10-win32/gcc-arm-none-eabi-10.3-2021.10/bin/../lib/gcc/arm-none-eabi/10.3.1/thumb/v7e-m+fp/hard/crtn.o
 *(.fini)
 .fini          0x080021e8        0x4 f:/program_files/software/gcc-arm-none-eabi-10.3-2021.10-win32/gcc-arm-none-eabi-10.3-2021.10/bin/../lib/gcc/arm-none-eabi/10.3.1/thumb/v7e-m+fp/hard/crti.o
                0x080021e8                _fini
 .fini          0x080021ec        0x8 f:/program_files/software/gcc-arm-none-eabi-10.3-2021.10-win32/gcc-arm-none-eabi-10.3-2021.10/bin/../lib/gcc/arm-none-eabi/10.3.1/thumb/v7e-m+fp/hard/crtn.o
                0x080021f4                . = ALIGN (0x4)
                0x080021f4                _etext = .

.vfp11_veneer   0x080021f4        0x0
 .vfp11_veneer  0x080021f4        0x0 linker stubs

.v4_bx          0x080021f4        0x0
 .v4_bx         0x080021f4        0x0 linker stubs

.iplt           0x080021f4        0x0
 .iplt          0x080021f4        0x0 f:/program_files/software/gcc-arm-none-eabi-10.3-2021.10-win32/gcc-arm-none-eabi-10.3-2021.10/bin/../lib/gcc/arm-none-eabi/10.3.1/thumb/v7e-m+fp/hard/crtbegin.o

.rodata         0x080021f4       0x24
                0x080021f4                . = ALIGN (0x4)
 *(.rodata)
 *(.rodata*)
 .rodata.AHBPrescTable
                0x080021f4       0x10 CMakeFiles/phase.elf.dir/Core/Src/system_stm32f4xx.c.obj
                0x080021f4                AHBPrescTable
 .rodata.APBPrescTable
                0x08002204        0x8 CMakeFiles/phase.elf.dir/Core/Src/system_stm32f4xx.c.obj
                0x08002204                APBPrescTable
 .rodata.flagBitshiftOffset.0
                0x0800220c        0x8 CMakeFiles/phase.elf.dir/Drivers/STM32F4xx_HAL_Driver/Src/stm32f4xx_hal_dma.c.obj
 .rodata._global_impure_ptr
                0x08002214        0x4 f:/program_files/software/gcc-arm-none-eabi-10.3-2021.10-win32/gcc-arm-none-eabi-10.3-2021.10/bin/../lib/gcc/arm-none-eabi/10.3.1/../../../../arm-none-eabi/lib/thumb/v7e-m+fp/hard\libg.a(lib_a-impure.o)
                0x08002214                _global_impure_ptr
                0x08002218                . = ALIGN (0x4)

.ARM.extab
 *(.ARM.extab* .gnu.linkonce.armextab.*)

.ARM            0x08002218        0x8
                0x08002218                __exidx_start = .
 *(.ARM.exidx*)
 .ARM.exidx     0x08002218        0x8 f:/program_files/software/gcc-arm-none-eabi-10.3-2021.10-win32/gcc-arm-none-eabi-10.3-2021.10/bin/../lib/gcc/arm-none-eabi/10.3.1/thumb/v7e-m+fp/hard\libgcc.a(_udivmoddi4.o)
                0x08002220                __exidx_end = .

.rel.dyn        0x08002220        0x0
 .rel.iplt      0x08002220        0x0 f:/program_files/software/gcc-arm-none-eabi-10.3-2021.10-win32/gcc-arm-none-eabi-10.3-2021.10/bin/../lib/gcc/arm-none-eabi/10.3.1/thumb/v7e-m+fp/hard/crtbegin.o

.preinit_array  0x08002220        0x0
                0x08002220                PROVIDE (__preinit_array_start = .)
 *(.preinit_array*)
                0x08002220                PROVIDE (__preinit_array_end = .)

.init_array     0x08002220        0x8
                0x08002220                PROVIDE (__init_array_start = .)
 *(SORT_BY_NAME(.init_array.*))
 .init_array.00000
                0x08002220        0x4 f:/program_files/software/gcc-arm-none-eabi-10.3-2021.10-win32/gcc-arm-none-eabi-10.3-2021.10/bin/../lib/gcc/arm-none-eabi/10.3.1/../../../../arm-none-eabi/lib/thumb/v7e-m+fp/hard\libg.a(lib_a-__call_atexit.o)
 *(.init_array*)
 .init_array    0x08002224        0x4 f:/program_files/software/gcc-arm-none-eabi-10.3-2021.10-win32/gcc-arm-none-eabi-10.3-2021.10/bin/../lib/gcc/arm-none-eabi/10.3.1/thumb/v7e-m+fp/hard/crtbegin.o
                0x08002228                PROVIDE (__init_array_end = .)

.fini_array     0x08002228        0x4
                0x08002228                PROVIDE (__fini_array_start = .)
 *(SORT_BY_NAME(.fini_array.*))
 *(.fini_array*)
 .fini_array    0x08002228        0x4 f:/program_files/software/gcc-arm-none-eabi-10.3-2021.10-win32/gcc-arm-none-eabi-10.3-2021.10/bin/../lib/gcc/arm-none-eabi/10.3.1/thumb/v7e-m+fp/hard/crtbegin.o
                0x0800222c                PROVIDE (__fini_array_end = .)
                0x0800222c                _sidata = LOADADDR (.data)

.data           0x20000000      0x43c load address 0x0800222c
                0x20000000                . = ALIGN (0x4)
                0x20000000                _sdata = .
 *(.data)
 *(.data*)
 .data.SystemCoreClock
                0x20000000        0x4 CMakeFiles/phase.elf.dir/Core/Src/system_stm32f4xx.c.obj
                0x20000000                SystemCoreClock
 .data.uwTickFreq
                0x20000004        0x1 CMakeFiles/phase.elf.dir/Drivers/STM32F4xx_HAL_Driver/Src/stm32f4xx_hal.c.obj
                0x20000004                uwTickFreq
 *fill*         0x20000005        0x3 
 .data.uwTickPrio
                0x20000008        0x4 CMakeFiles/phase.elf.dir/Drivers/STM32F4xx_HAL_Driver/Src/stm32f4xx_hal.c.obj
                0x20000008                uwTickPrio
 *fill*         0x2000000c        0x4 
 .data.impure_data
                0x20000010      0x428 f:/program_files/software/gcc-arm-none-eabi-10.3-2021.10-win32/gcc-arm-none-eabi-10.3-2021.10/bin/../lib/gcc/arm-none-eabi/10.3.1/../../../../arm-none-eabi/lib/thumb/v7e-m+fp/hard\libg.a(lib_a-impure.o)
 .data.__atexit_recursive_mutex
                0x20000438        0x4 f:/program_files/software/gcc-arm-none-eabi-10.3-2021.10-win32/gcc-arm-none-eabi-10.3-2021.10/bin/../lib/gcc/arm-none-eabi/10.3.1/../../../../arm-none-eabi/lib/thumb/v7e-m+fp/hard\libg.a(lib_a-__call_atexit.o)
                0x20000438                __atexit_recursive_mutex
                0x2000043c                . = ALIGN (0x4)
                0x2000043c                _edata = .
                0x08002668                _siccmram = LOADADDR (.ccmram)

.igot.plt       0x2000043c        0x0 load address 0x08002668
 .igot.plt      0x2000043c        0x0 f:/program_files/software/gcc-arm-none-eabi-10.3-2021.10-win32/gcc-arm-none-eabi-10.3-2021.10/bin/../lib/gcc/arm-none-eabi/10.3.1/thumb/v7e-m+fp/hard/crtbegin.o

.ccmram         0x10000000        0x0 load address 0x08002668
                0x10000000                . = ALIGN (0x4)
                0x10000000                _sccmram = .
 *(.ccmram)
 *(.ccmram*)
                0x10000000                . = ALIGN (0x4)
                0x10000000                _eccmram = .
                0x10000000                . = ALIGN (0x4)

.bss            0x2000043c      0x1f4
                0x2000043c                _sbss = .
                0x2000043c                __bss_start__ = _sbss
 *(.bss)
 .bss           0x2000043c       0x1c f:/program_files/software/gcc-arm-none-eabi-10.3-2021.10-win32/gcc-arm-none-eabi-10.3-2021.10/bin/../lib/gcc/arm-none-eabi/10.3.1/thumb/v7e-m+fp/hard/crtbegin.o
 *(.bss*)
 .bss.hadc1     0x20000458       0x48 CMakeFiles/phase.elf.dir/Core/Src/adc.c.obj
                0x20000458                hadc1
 .bss.hadc2     0x200004a0       0x48 CMakeFiles/phase.elf.dir/Core/Src/adc.c.obj
                0x200004a0                hadc2
 .bss.hdma_adc1
                0x200004e8       0x60 CMakeFiles/phase.elf.dir/Core/Src/adc.c.obj
                0x200004e8                hdma_adc1
 .bss.hdma_adc2
                0x20000548       0x60 CMakeFiles/phase.elf.dir/Core/Src/adc.c.obj
                0x20000548                hdma_adc2
 .bss.htim2     0x200005a8       0x40 CMakeFiles/phase.elf.dir/Core/Src/tim.c.obj
                0x200005a8                htim2
 .bss.huart1    0x200005e8       0x40 CMakeFiles/phase.elf.dir/Core/Src/usart.c.obj
                0x200005e8                huart1
 .bss.uwTick    0x20000628        0x4 CMakeFiles/phase.elf.dir/Drivers/STM32F4xx_HAL_Driver/Src/stm32f4xx_hal.c.obj
                0x20000628                uwTick
 .bss.__lock___atexit_recursive_mutex
                0x2000062c        0x1 f:/program_files/software/gcc-arm-none-eabi-10.3-2021.10-win32/gcc-arm-none-eabi-10.3-2021.10/bin/../lib/gcc/arm-none-eabi/10.3.1/../../../../arm-none-eabi/lib/thumb/v7e-m+fp/hard\libg.a(lib_a-lock.o)
                0x2000062c                __lock___atexit_recursive_mutex
 *(COMMON)
                0x20000630                . = ALIGN (0x4)
 *fill*         0x2000062d        0x3 
                0x20000630                _ebss = .
                0x20000630                __bss_end__ = _ebss

._user_heap_stack
                0x20000630      0x600
                0x20000630                . = ALIGN (0x8)
                0x20000630                PROVIDE (end = .)
                [!provide]                PROVIDE (_end = .)
                0x20000830                . = (. + _Min_Heap_Size)
 *fill*         0x20000630      0x200 
                0x20000c30                . = (. + _Min_Stack_Size)
 *fill*         0x20000830      0x400 
                0x20000c30                . = ALIGN (0x8)

/DISCARD/
 libc.a(*)
 libm.a(*)
 libgcc.a(*)

.ARM.attributes
                0x00000000       0x30
 *(.ARM.attributes)
 .ARM.attributes
                0x00000000       0x1e f:/program_files/software/gcc-arm-none-eabi-10.3-2021.10-win32/gcc-arm-none-eabi-10.3-2021.10/bin/../lib/gcc/arm-none-eabi/10.3.1/thumb/v7e-m+fp/hard/crti.o
 .ARM.attributes
                0x0000001e       0x34 f:/program_files/software/gcc-arm-none-eabi-10.3-2021.10-win32/gcc-arm-none-eabi-10.3-2021.10/bin/../lib/gcc/arm-none-eabi/10.3.1/thumb/v7e-m+fp/hard/crtbegin.o
 .ARM.attributes
                0x00000052       0x34 CMakeFiles/phase.elf.dir/Core/Src/adc.c.obj
 .ARM.attributes
                0x00000086       0x34 CMakeFiles/phase.elf.dir/Core/Src/dma.c.obj
 .ARM.attributes
                0x000000ba       0x34 CMakeFiles/phase.elf.dir/Core/Src/gpio.c.obj
 .ARM.attributes
                0x000000ee       0x34 CMakeFiles/phase.elf.dir/Core/Src/main.c.obj
 .ARM.attributes
                0x00000122       0x34 CMakeFiles/phase.elf.dir/Core/Src/stm32f4xx_hal_msp.c.obj
 .ARM.attributes
                0x00000156       0x34 CMakeFiles/phase.elf.dir/Core/Src/stm32f4xx_it.c.obj
 .ARM.attributes
                0x0000018a       0x34 CMakeFiles/phase.elf.dir/Core/Src/system_stm32f4xx.c.obj
 .ARM.attributes
                0x000001be       0x34 CMakeFiles/phase.elf.dir/Core/Src/tim.c.obj
 .ARM.attributes
                0x000001f2       0x34 CMakeFiles/phase.elf.dir/Core/Src/usart.c.obj
 .ARM.attributes
                0x00000226       0x34 CMakeFiles/phase.elf.dir/Drivers/STM32F4xx_HAL_Driver/Src/stm32f4xx_hal.c.obj
 .ARM.attributes
                0x0000025a       0x34 CMakeFiles/phase.elf.dir/Drivers/STM32F4xx_HAL_Driver/Src/stm32f4xx_hal_adc.c.obj
 .ARM.attributes
                0x0000028e       0x34 CMakeFiles/phase.elf.dir/Drivers/STM32F4xx_HAL_Driver/Src/stm32f4xx_hal_cortex.c.obj
 .ARM.attributes
                0x000002c2       0x34 CMakeFiles/phase.elf.dir/Drivers/STM32F4xx_HAL_Driver/Src/stm32f4xx_hal_dma.c.obj
 .ARM.attributes
                0x000002f6       0x34 CMakeFiles/phase.elf.dir/Drivers/STM32F4xx_HAL_Driver/Src/stm32f4xx_hal_gpio.c.obj
 .ARM.attributes
                0x0000032a       0x34 CMakeFiles/phase.elf.dir/Drivers/STM32F4xx_HAL_Driver/Src/stm32f4xx_hal_rcc.c.obj
 .ARM.attributes
                0x0000035e       0x34 CMakeFiles/phase.elf.dir/Drivers/STM32F4xx_HAL_Driver/Src/stm32f4xx_hal_tim.c.obj
 .ARM.attributes
                0x00000392       0x34 CMakeFiles/phase.elf.dir/Drivers/STM32F4xx_HAL_Driver/Src/stm32f4xx_hal_tim_ex.c.obj
 .ARM.attributes
                0x000003c6       0x34 CMakeFiles/phase.elf.dir/Drivers/STM32F4xx_HAL_Driver/Src/stm32f4xx_hal_uart.c.obj
 .ARM.attributes
                0x000003fa       0x21 CMakeFiles/phase.elf.dir/startup/startup_stm32f407xx.s.obj
 .ARM.attributes
                0x0000041b       0x1e f:/program_files/software/gcc-arm-none-eabi-10.3-2021.10-win32/gcc-arm-none-eabi-10.3-2021.10/bin/../lib/gcc/arm-none-eabi/10.3.1/thumb/v7e-m+fp/hard\libgcc.a(_aeabi_uldivmod.o)
 .ARM.attributes
                0x00000439       0x34 f:/program_files/software/gcc-arm-none-eabi-10.3-2021.10-win32/gcc-arm-none-eabi-10.3-2021.10/bin/../lib/gcc/arm-none-eabi/10.3.1/thumb/v7e-m+fp/hard\libgcc.a(_udivmoddi4.o)
 .ARM.attributes
                0x0000046d       0x1e f:/program_files/software/gcc-arm-none-eabi-10.3-2021.10-win32/gcc-arm-none-eabi-10.3-2021.10/bin/../lib/gcc/arm-none-eabi/10.3.1/thumb/v7e-m+fp/hard\libgcc.a(_dvmd_tls.o)
 .ARM.attributes
                0x0000048b       0x34 f:/program_files/software/gcc-arm-none-eabi-10.3-2021.10-win32/gcc-arm-none-eabi-10.3-2021.10/bin/../lib/gcc/arm-none-eabi/10.3.1/../../../../arm-none-eabi/lib/thumb/v7e-m+fp/hard\libg.a(lib_a-impure.o)
 .ARM.attributes
                0x000004bf       0x34 f:/program_files/software/gcc-arm-none-eabi-10.3-2021.10-win32/gcc-arm-none-eabi-10.3-2021.10/bin/../lib/gcc/arm-none-eabi/10.3.1/../../../../arm-none-eabi/lib/thumb/v7e-m+fp/hard\libg.a(lib_a-init.o)
 .ARM.attributes
                0x000004f3       0x34 f:/program_files/software/gcc-arm-none-eabi-10.3-2021.10-win32/gcc-arm-none-eabi-10.3-2021.10/bin/../lib/gcc/arm-none-eabi/10.3.1/../../../../arm-none-eabi/lib/thumb/v7e-m+fp/hard\libg.a(lib_a-memset.o)
 .ARM.attributes
                0x00000527       0x34 f:/program_files/software/gcc-arm-none-eabi-10.3-2021.10-win32/gcc-arm-none-eabi-10.3-2021.10/bin/../lib/gcc/arm-none-eabi/10.3.1/../../../../arm-none-eabi/lib/thumb/v7e-m+fp/hard\libg.a(lib_a-__call_atexit.o)
 .ARM.attributes
                0x0000055b       0x34 f:/program_files/software/gcc-arm-none-eabi-10.3-2021.10-win32/gcc-arm-none-eabi-10.3-2021.10/bin/../lib/gcc/arm-none-eabi/10.3.1/../../../../arm-none-eabi/lib/thumb/v7e-m+fp/hard\libg.a(lib_a-atexit.o)
 .ARM.attributes
                0x0000058f       0x34 f:/program_files/software/gcc-arm-none-eabi-10.3-2021.10-win32/gcc-arm-none-eabi-10.3-2021.10/bin/../lib/gcc/arm-none-eabi/10.3.1/../../../../arm-none-eabi/lib/thumb/v7e-m+fp/hard\libg.a(lib_a-fini.o)
 .ARM.attributes
                0x000005c3       0x34 f:/program_files/software/gcc-arm-none-eabi-10.3-2021.10-win32/gcc-arm-none-eabi-10.3-2021.10/bin/../lib/gcc/arm-none-eabi/10.3.1/../../../../arm-none-eabi/lib/thumb/v7e-m+fp/hard\libg.a(lib_a-lock.o)
 .ARM.attributes
                0x000005f7       0x34 f:/program_files/software/gcc-arm-none-eabi-10.3-2021.10-win32/gcc-arm-none-eabi-10.3-2021.10/bin/../lib/gcc/arm-none-eabi/10.3.1/../../../../arm-none-eabi/lib/thumb/v7e-m+fp/hard\libg.a(lib_a-__atexit.o)
 .ARM.attributes
                0x0000062b       0x1e f:/program_files/software/gcc-arm-none-eabi-10.3-2021.10-win32/gcc-arm-none-eabi-10.3-2021.10/bin/../lib/gcc/arm-none-eabi/10.3.1/thumb/v7e-m+fp/hard/crtn.o
OUTPUT(phase.elf elf32-littlearm)
LOAD linker stubs
LOAD f:/program_files/software/gcc-arm-none-eabi-10.3-2021.10-win32/gcc-arm-none-eabi-10.3-2021.10/bin/../lib/gcc/arm-none-eabi/10.3.1/../../../../arm-none-eabi/lib/thumb/v7e-m+fp/hard\libc.a
LOAD f:/program_files/software/gcc-arm-none-eabi-10.3-2021.10-win32/gcc-arm-none-eabi-10.3-2021.10/bin/../lib/gcc/arm-none-eabi/10.3.1/../../../../arm-none-eabi/lib/thumb/v7e-m+fp/hard\libm.a
LOAD f:/program_files/software/gcc-arm-none-eabi-10.3-2021.10-win32/gcc-arm-none-eabi-10.3-2021.10/bin/../lib/gcc/arm-none-eabi/10.3.1/thumb/v7e-m+fp/hard\libgcc.a

.debug_info     0x00000000     0xe680
 .debug_info    0x00000000      0xbf6 CMakeFiles/phase.elf.dir/Core/Src/adc.c.obj
 .debug_info    0x00000bf6      0x532 CMakeFiles/phase.elf.dir/Core/Src/dma.c.obj
 .debug_info    0x00001128      0x478 CMakeFiles/phase.elf.dir/Core/Src/gpio.c.obj
 .debug_info    0x000015a0      0x5a2 CMakeFiles/phase.elf.dir/Core/Src/main.c.obj
 .debug_info    0x00001b42      0x2a4 CMakeFiles/phase.elf.dir/Core/Src/stm32f4xx_hal_msp.c.obj
 .debug_info    0x00001de6      0x428 CMakeFiles/phase.elf.dir/Core/Src/stm32f4xx_it.c.obj
 .debug_info    0x0000220e      0x538 CMakeFiles/phase.elf.dir/Core/Src/system_stm32f4xx.c.obj
 .debug_info    0x00002746      0x96d CMakeFiles/phase.elf.dir/Core/Src/tim.c.obj
 .debug_info    0x000030b3      0x9a5 CMakeFiles/phase.elf.dir/Core/Src/usart.c.obj
 .debug_info    0x00003a58      0x9f0 CMakeFiles/phase.elf.dir/Drivers/STM32F4xx_HAL_Driver/Src/stm32f4xx_hal.c.obj
 .debug_info    0x00004448      0xeb7 CMakeFiles/phase.elf.dir/Drivers/STM32F4xx_HAL_Driver/Src/stm32f4xx_hal_adc.c.obj
 .debug_info    0x000052ff     0x1098 CMakeFiles/phase.elf.dir/Drivers/STM32F4xx_HAL_Driver/Src/stm32f4xx_hal_cortex.c.obj
 .debug_info    0x00006397      0xb3f CMakeFiles/phase.elf.dir/Drivers/STM32F4xx_HAL_Driver/Src/stm32f4xx_hal_dma.c.obj
 .debug_info    0x00006ed6      0x79b CMakeFiles/phase.elf.dir/Drivers/STM32F4xx_HAL_Driver/Src/stm32f4xx_hal_gpio.c.obj
 .debug_info    0x00007671      0xb03 CMakeFiles/phase.elf.dir/Drivers/STM32F4xx_HAL_Driver/Src/stm32f4xx_hal_rcc.c.obj
 .debug_info    0x00008174     0x35d9 CMakeFiles/phase.elf.dir/Drivers/STM32F4xx_HAL_Driver/Src/stm32f4xx_hal_tim.c.obj
 .debug_info    0x0000b74d     0x160b CMakeFiles/phase.elf.dir/Drivers/STM32F4xx_HAL_Driver/Src/stm32f4xx_hal_tim_ex.c.obj
 .debug_info    0x0000cd58     0x1906 CMakeFiles/phase.elf.dir/Drivers/STM32F4xx_HAL_Driver/Src/stm32f4xx_hal_uart.c.obj
 .debug_info    0x0000e65e       0x22 CMakeFiles/phase.elf.dir/startup/startup_stm32f407xx.s.obj

.debug_abbrev   0x00000000     0x22c4
 .debug_abbrev  0x00000000      0x1db CMakeFiles/phase.elf.dir/Core/Src/adc.c.obj
 .debug_abbrev  0x000001db      0x126 CMakeFiles/phase.elf.dir/Core/Src/dma.c.obj
 .debug_abbrev  0x00000301      0x14e CMakeFiles/phase.elf.dir/Core/Src/gpio.c.obj
 .debug_abbrev  0x0000044f      0x1b5 CMakeFiles/phase.elf.dir/Core/Src/main.c.obj
 .debug_abbrev  0x00000604       0xd1 CMakeFiles/phase.elf.dir/Core/Src/stm32f4xx_hal_msp.c.obj
 .debug_abbrev  0x000006d5      0x167 CMakeFiles/phase.elf.dir/Core/Src/stm32f4xx_it.c.obj
 .debug_abbrev  0x0000083c      0x119 CMakeFiles/phase.elf.dir/Core/Src/system_stm32f4xx.c.obj
 .debug_abbrev  0x00000955      0x1c5 CMakeFiles/phase.elf.dir/Core/Src/tim.c.obj
 .debug_abbrev  0x00000b1a      0x1d3 CMakeFiles/phase.elf.dir/Core/Src/usart.c.obj
 .debug_abbrev  0x00000ced      0x206 CMakeFiles/phase.elf.dir/Drivers/STM32F4xx_HAL_Driver/Src/stm32f4xx_hal.c.obj
 .debug_abbrev  0x00000ef3      0x23a CMakeFiles/phase.elf.dir/Drivers/STM32F4xx_HAL_Driver/Src/stm32f4xx_hal_adc.c.obj
 .debug_abbrev  0x0000112d      0x36a CMakeFiles/phase.elf.dir/Drivers/STM32F4xx_HAL_Driver/Src/stm32f4xx_hal_cortex.c.obj
 .debug_abbrev  0x00001497      0x2c2 CMakeFiles/phase.elf.dir/Drivers/STM32F4xx_HAL_Driver/Src/stm32f4xx_hal_dma.c.obj
 .debug_abbrev  0x00001759      0x1ef CMakeFiles/phase.elf.dir/Drivers/STM32F4xx_HAL_Driver/Src/stm32f4xx_hal_gpio.c.obj
 .debug_abbrev  0x00001948      0x28a CMakeFiles/phase.elf.dir/Drivers/STM32F4xx_HAL_Driver/Src/stm32f4xx_hal_rcc.c.obj
 .debug_abbrev  0x00001bd2      0x22b CMakeFiles/phase.elf.dir/Drivers/STM32F4xx_HAL_Driver/Src/stm32f4xx_hal_tim.c.obj
 .debug_abbrev  0x00001dfd      0x241 CMakeFiles/phase.elf.dir/Drivers/STM32F4xx_HAL_Driver/Src/stm32f4xx_hal_tim_ex.c.obj
 .debug_abbrev  0x0000203e      0x274 CMakeFiles/phase.elf.dir/Drivers/STM32F4xx_HAL_Driver/Src/stm32f4xx_hal_uart.c.obj
 .debug_abbrev  0x000022b2       0x12 CMakeFiles/phase.elf.dir/startup/startup_stm32f407xx.s.obj

.debug_loc      0x00000000     0x91c6
 .debug_loc     0x00000000       0xac CMakeFiles/phase.elf.dir/Core/Src/adc.c.obj
 .debug_loc     0x000000ac      0x158 CMakeFiles/phase.elf.dir/Core/Src/system_stm32f4xx.c.obj
 .debug_loc     0x00000204       0x84 CMakeFiles/phase.elf.dir/Core/Src/usart.c.obj
 .debug_loc     0x00000288      0x141 CMakeFiles/phase.elf.dir/Drivers/STM32F4xx_HAL_Driver/Src/stm32f4xx_hal.c.obj
 .debug_loc     0x000003c9      0xb16 CMakeFiles/phase.elf.dir/Drivers/STM32F4xx_HAL_Driver/Src/stm32f4xx_hal_adc.c.obj
 .debug_loc     0x00000edf      0x744 CMakeFiles/phase.elf.dir/Drivers/STM32F4xx_HAL_Driver/Src/stm32f4xx_hal_cortex.c.obj
 .debug_loc     0x00001623      0xbf9 CMakeFiles/phase.elf.dir/Drivers/STM32F4xx_HAL_Driver/Src/stm32f4xx_hal_dma.c.obj
 .debug_loc     0x0000221c      0x4ff CMakeFiles/phase.elf.dir/Drivers/STM32F4xx_HAL_Driver/Src/stm32f4xx_hal_gpio.c.obj
 .debug_loc     0x0000271b      0x58c CMakeFiles/phase.elf.dir/Drivers/STM32F4xx_HAL_Driver/Src/stm32f4xx_hal_rcc.c.obj
 .debug_loc     0x00002ca7     0x3b0c CMakeFiles/phase.elf.dir/Drivers/STM32F4xx_HAL_Driver/Src/stm32f4xx_hal_tim.c.obj
 .debug_loc     0x000067b3     0x115d CMakeFiles/phase.elf.dir/Drivers/STM32F4xx_HAL_Driver/Src/stm32f4xx_hal_tim_ex.c.obj
 .debug_loc     0x00007910     0x18b6 CMakeFiles/phase.elf.dir/Drivers/STM32F4xx_HAL_Driver/Src/stm32f4xx_hal_uart.c.obj

.debug_aranges  0x00000000      0xca0
 .debug_aranges
                0x00000000       0x38 CMakeFiles/phase.elf.dir/Core/Src/adc.c.obj
 .debug_aranges
                0x00000038       0x20 CMakeFiles/phase.elf.dir/Core/Src/dma.c.obj
 .debug_aranges
                0x00000058       0x20 CMakeFiles/phase.elf.dir/Core/Src/gpio.c.obj
 .debug_aranges
                0x00000078       0x30 CMakeFiles/phase.elf.dir/Core/Src/main.c.obj
 .debug_aranges
                0x000000a8       0x20 CMakeFiles/phase.elf.dir/Core/Src/stm32f4xx_hal_msp.c.obj
 .debug_aranges
                0x000000c8       0x70 CMakeFiles/phase.elf.dir/Core/Src/stm32f4xx_it.c.obj
 .debug_aranges
                0x00000138       0x28 CMakeFiles/phase.elf.dir/Core/Src/system_stm32f4xx.c.obj
 .debug_aranges
                0x00000160       0x30 CMakeFiles/phase.elf.dir/Core/Src/tim.c.obj
 .debug_aranges
                0x00000190       0x30 CMakeFiles/phase.elf.dir/Core/Src/usart.c.obj
 .debug_aranges
                0x000001c0       0xf0 CMakeFiles/phase.elf.dir/Drivers/STM32F4xx_HAL_Driver/Src/stm32f4xx_hal.c.obj
 .debug_aranges
                0x000002b0       0xe8 CMakeFiles/phase.elf.dir/Drivers/STM32F4xx_HAL_Driver/Src/stm32f4xx_hal_adc.c.obj
 .debug_aranges
                0x00000398       0xa8 CMakeFiles/phase.elf.dir/Drivers/STM32F4xx_HAL_Driver/Src/stm32f4xx_hal_cortex.c.obj
 .debug_aranges
                0x00000440       0x90 CMakeFiles/phase.elf.dir/Drivers/STM32F4xx_HAL_Driver/Src/stm32f4xx_hal_dma.c.obj
 .debug_aranges
                0x000004d0       0x58 CMakeFiles/phase.elf.dir/Drivers/STM32F4xx_HAL_Driver/Src/stm32f4xx_hal_gpio.c.obj
 .debug_aranges
                0x00000528       0x88 CMakeFiles/phase.elf.dir/Drivers/STM32F4xx_HAL_Driver/Src/stm32f4xx_hal_rcc.c.obj
 .debug_aranges
                0x000005b0      0x3a8 CMakeFiles/phase.elf.dir/Drivers/STM32F4xx_HAL_Driver/Src/stm32f4xx_hal_tim.c.obj
 .debug_aranges
                0x00000958      0x150 CMakeFiles/phase.elf.dir/Drivers/STM32F4xx_HAL_Driver/Src/stm32f4xx_hal_tim_ex.c.obj
 .debug_aranges
                0x00000aa8      0x1d0 CMakeFiles/phase.elf.dir/Drivers/STM32F4xx_HAL_Driver/Src/stm32f4xx_hal_uart.c.obj
 .debug_aranges
                0x00000c78       0x28 CMakeFiles/phase.elf.dir/startup/startup_stm32f407xx.s.obj

.debug_ranges   0x00000000      0xbf0
 .debug_ranges  0x00000000       0x28 CMakeFiles/phase.elf.dir/Core/Src/adc.c.obj
 .debug_ranges  0x00000028       0x10 CMakeFiles/phase.elf.dir/Core/Src/dma.c.obj
 .debug_ranges  0x00000038       0x10 CMakeFiles/phase.elf.dir/Core/Src/gpio.c.obj
 .debug_ranges  0x00000048       0x20 CMakeFiles/phase.elf.dir/Core/Src/main.c.obj
 .debug_ranges  0x00000068       0x10 CMakeFiles/phase.elf.dir/Core/Src/stm32f4xx_hal_msp.c.obj
 .debug_ranges  0x00000078       0x60 CMakeFiles/phase.elf.dir/Core/Src/stm32f4xx_it.c.obj
 .debug_ranges  0x000000d8       0x18 CMakeFiles/phase.elf.dir/Core/Src/system_stm32f4xx.c.obj
 .debug_ranges  0x000000f0       0x20 CMakeFiles/phase.elf.dir/Core/Src/tim.c.obj
 .debug_ranges  0x00000110       0x20 CMakeFiles/phase.elf.dir/Core/Src/usart.c.obj
 .debug_ranges  0x00000130       0xe0 CMakeFiles/phase.elf.dir/Drivers/STM32F4xx_HAL_Driver/Src/stm32f4xx_hal.c.obj
 .debug_ranges  0x00000210       0xd8 CMakeFiles/phase.elf.dir/Drivers/STM32F4xx_HAL_Driver/Src/stm32f4xx_hal_adc.c.obj
 .debug_ranges  0x000002e8       0xf8 CMakeFiles/phase.elf.dir/Drivers/STM32F4xx_HAL_Driver/Src/stm32f4xx_hal_cortex.c.obj
 .debug_ranges  0x000003e0       0x80 CMakeFiles/phase.elf.dir/Drivers/STM32F4xx_HAL_Driver/Src/stm32f4xx_hal_dma.c.obj
 .debug_ranges  0x00000460       0x48 CMakeFiles/phase.elf.dir/Drivers/STM32F4xx_HAL_Driver/Src/stm32f4xx_hal_gpio.c.obj
 .debug_ranges  0x000004a8       0x90 CMakeFiles/phase.elf.dir/Drivers/STM32F4xx_HAL_Driver/Src/stm32f4xx_hal_rcc.c.obj
 .debug_ranges  0x00000538      0x398 CMakeFiles/phase.elf.dir/Drivers/STM32F4xx_HAL_Driver/Src/stm32f4xx_hal_tim.c.obj
 .debug_ranges  0x000008d0      0x140 CMakeFiles/phase.elf.dir/Drivers/STM32F4xx_HAL_Driver/Src/stm32f4xx_hal_tim_ex.c.obj
 .debug_ranges  0x00000a10      0x1c0 CMakeFiles/phase.elf.dir/Drivers/STM32F4xx_HAL_Driver/Src/stm32f4xx_hal_uart.c.obj
 .debug_ranges  0x00000bd0       0x20 CMakeFiles/phase.elf.dir/startup/startup_stm32f407xx.s.obj

.debug_line     0x00000000     0xcaeb
 .debug_line    0x00000000      0x5f7 CMakeFiles/phase.elf.dir/Core/Src/adc.c.obj
 .debug_line    0x000005f7      0x277 CMakeFiles/phase.elf.dir/Core/Src/dma.c.obj
 .debug_line    0x0000086e      0x2ae CMakeFiles/phase.elf.dir/Core/Src/gpio.c.obj
 .debug_line    0x00000b1c      0x403 CMakeFiles/phase.elf.dir/Core/Src/main.c.obj
 .debug_line    0x00000f1f      0x219 CMakeFiles/phase.elf.dir/Core/Src/stm32f4xx_hal_msp.c.obj
 .debug_line    0x00001138      0x3b1 CMakeFiles/phase.elf.dir/Core/Src/stm32f4xx_it.c.obj
 .debug_line    0x000014e9      0x34a CMakeFiles/phase.elf.dir/Core/Src/system_stm32f4xx.c.obj
 .debug_line    0x00001833      0x3d7 CMakeFiles/phase.elf.dir/Core/Src/tim.c.obj
 .debug_line    0x00001c0a      0x3e7 CMakeFiles/phase.elf.dir/Core/Src/usart.c.obj
 .debug_line    0x00001ff1      0x68b CMakeFiles/phase.elf.dir/Drivers/STM32F4xx_HAL_Driver/Src/stm32f4xx_hal.c.obj
 .debug_line    0x0000267c     0x1151 CMakeFiles/phase.elf.dir/Drivers/STM32F4xx_HAL_Driver/Src/stm32f4xx_hal_adc.c.obj
 .debug_line    0x000037cd      0x89e CMakeFiles/phase.elf.dir/Drivers/STM32F4xx_HAL_Driver/Src/stm32f4xx_hal_cortex.c.obj
 .debug_line    0x0000406b      0xef0 CMakeFiles/phase.elf.dir/Drivers/STM32F4xx_HAL_Driver/Src/stm32f4xx_hal_dma.c.obj
 .debug_line    0x00004f5b      0x7ce CMakeFiles/phase.elf.dir/Drivers/STM32F4xx_HAL_Driver/Src/stm32f4xx_hal_gpio.c.obj
 .debug_line    0x00005729      0xc04 CMakeFiles/phase.elf.dir/Drivers/STM32F4xx_HAL_Driver/Src/stm32f4xx_hal_rcc.c.obj
 .debug_line    0x0000632d     0x375f CMakeFiles/phase.elf.dir/Drivers/STM32F4xx_HAL_Driver/Src/stm32f4xx_hal_tim.c.obj
 .debug_line    0x00009a8c     0x1294 CMakeFiles/phase.elf.dir/Drivers/STM32F4xx_HAL_Driver/Src/stm32f4xx_hal_tim_ex.c.obj
 .debug_line    0x0000ad20     0x1d1c CMakeFiles/phase.elf.dir/Drivers/STM32F4xx_HAL_Driver/Src/stm32f4xx_hal_uart.c.obj
 .debug_line    0x0000ca3c       0xaf CMakeFiles/phase.elf.dir/startup/startup_stm32f407xx.s.obj

.debug_str      0x00000000     0x410a
 .debug_str     0x00000000      0x7fd CMakeFiles/phase.elf.dir/Core/Src/adc.c.obj
                                0x887 (size before relaxing)
 .debug_str     0x000007fd      0x565 CMakeFiles/phase.elf.dir/Core/Src/dma.c.obj
                                0x82c (size before relaxing)
 .debug_str     0x00000d62       0x7f CMakeFiles/phase.elf.dir/Core/Src/gpio.c.obj
                                0x3d5 (size before relaxing)
 .debug_str     0x00000de1      0x1e1 CMakeFiles/phase.elf.dir/Core/Src/main.c.obj
                                0x51e (size before relaxing)
 .debug_str     0x00000fc2       0x5d CMakeFiles/phase.elf.dir/Core/Src/stm32f4xx_hal_msp.c.obj
                                0x324 (size before relaxing)
 .debug_str     0x0000101f      0x12b CMakeFiles/phase.elf.dir/Core/Src/stm32f4xx_it.c.obj
                                0x54f (size before relaxing)
 .debug_str     0x0000114a      0x10c CMakeFiles/phase.elf.dir/Core/Src/system_stm32f4xx.c.obj
                                0x3de (size before relaxing)
 .debug_str     0x00001256      0x32d CMakeFiles/phase.elf.dir/Core/Src/tim.c.obj
                                0x8a6 (size before relaxing)
 .debug_str     0x00001583      0x226 CMakeFiles/phase.elf.dir/Core/Src/usart.c.obj
                                0x840 (size before relaxing)
 .debug_str     0x000017a9      0x383 CMakeFiles/phase.elf.dir/Drivers/STM32F4xx_HAL_Driver/Src/stm32f4xx_hal.c.obj
                                0xbc3 (size before relaxing)
 .debug_str     0x00001b2c      0x2f2 CMakeFiles/phase.elf.dir/Drivers/STM32F4xx_HAL_Driver/Src/stm32f4xx_hal_adc.c.obj
                                0x9bc (size before relaxing)
 .debug_str     0x00001e1e      0x475 CMakeFiles/phase.elf.dir/Drivers/STM32F4xx_HAL_Driver/Src/stm32f4xx_hal_cortex.c.obj
                                0xc95 (size before relaxing)
 .debug_str     0x00002293      0x2f7 CMakeFiles/phase.elf.dir/Drivers/STM32F4xx_HAL_Driver/Src/stm32f4xx_hal_dma.c.obj
                                0x7df (size before relaxing)
 .debug_str     0x0000258a      0x159 CMakeFiles/phase.elf.dir/Drivers/STM32F4xx_HAL_Driver/Src/stm32f4xx_hal_gpio.c.obj
                                0x549 (size before relaxing)
 .debug_str     0x000026e3      0x1d5 CMakeFiles/phase.elf.dir/Drivers/STM32F4xx_HAL_Driver/Src/stm32f4xx_hal_rcc.c.obj
                                0x76f (size before relaxing)
 .debug_str     0x000028b8      0xdaa CMakeFiles/phase.elf.dir/Drivers/STM32F4xx_HAL_Driver/Src/stm32f4xx_hal_tim.c.obj
                               0x1514 (size before relaxing)
 .debug_str     0x00003662      0x509 CMakeFiles/phase.elf.dir/Drivers/STM32F4xx_HAL_Driver/Src/stm32f4xx_hal_tim_ex.c.obj
                                0xd2c (size before relaxing)
 .debug_str     0x00003b6b      0x53f CMakeFiles/phase.elf.dir/Drivers/STM32F4xx_HAL_Driver/Src/stm32f4xx_hal_uart.c.obj
                                0xc9b (size before relaxing)
 .debug_str     0x000040aa       0x60 CMakeFiles/phase.elf.dir/startup/startup_stm32f407xx.s.obj
                                 0xa6 (size before relaxing)

.comment        0x00000000       0x49
 .comment       0x00000000       0x49 CMakeFiles/phase.elf.dir/Core/Src/adc.c.obj
                                 0x4a (size before relaxing)
 .comment       0x00000049       0x4a CMakeFiles/phase.elf.dir/Core/Src/dma.c.obj
 .comment       0x00000049       0x4a CMakeFiles/phase.elf.dir/Core/Src/gpio.c.obj
 .comment       0x00000049       0x4a CMakeFiles/phase.elf.dir/Core/Src/main.c.obj
 .comment       0x00000049       0x4a CMakeFiles/phase.elf.dir/Core/Src/stm32f4xx_hal_msp.c.obj
 .comment       0x00000049       0x4a CMakeFiles/phase.elf.dir/Core/Src/stm32f4xx_it.c.obj
 .comment       0x00000049       0x4a CMakeFiles/phase.elf.dir/Core/Src/system_stm32f4xx.c.obj
 .comment       0x00000049       0x4a CMakeFiles/phase.elf.dir/Core/Src/tim.c.obj
 .comment       0x00000049       0x4a CMakeFiles/phase.elf.dir/Core/Src/usart.c.obj
 .comment       0x00000049       0x4a CMakeFiles/phase.elf.dir/Drivers/STM32F4xx_HAL_Driver/Src/stm32f4xx_hal.c.obj
 .comment       0x00000049       0x4a CMakeFiles/phase.elf.dir/Drivers/STM32F4xx_HAL_Driver/Src/stm32f4xx_hal_adc.c.obj
 .comment       0x00000049       0x4a CMakeFiles/phase.elf.dir/Drivers/STM32F4xx_HAL_Driver/Src/stm32f4xx_hal_cortex.c.obj
 .comment       0x00000049       0x4a CMakeFiles/phase.elf.dir/Drivers/STM32F4xx_HAL_Driver/Src/stm32f4xx_hal_dma.c.obj
 .comment       0x00000049       0x4a CMakeFiles/phase.elf.dir/Drivers/STM32F4xx_HAL_Driver/Src/stm32f4xx_hal_gpio.c.obj
 .comment       0x00000049       0x4a CMakeFiles/phase.elf.dir/Drivers/STM32F4xx_HAL_Driver/Src/stm32f4xx_hal_rcc.c.obj
 .comment       0x00000049       0x4a CMakeFiles/phase.elf.dir/Drivers/STM32F4xx_HAL_Driver/Src/stm32f4xx_hal_tim.c.obj
 .comment       0x00000049       0x4a CMakeFiles/phase.elf.dir/Drivers/STM32F4xx_HAL_Driver/Src/stm32f4xx_hal_tim_ex.c.obj
 .comment       0x00000049       0x4a CMakeFiles/phase.elf.dir/Drivers/STM32F4xx_HAL_Driver/Src/stm32f4xx_hal_uart.c.obj

.debug_frame    0x00000000     0x21f0
 .debug_frame   0x00000000       0x8c CMakeFiles/phase.elf.dir/Core/Src/adc.c.obj
 .debug_frame   0x0000008c       0x30 CMakeFiles/phase.elf.dir/Core/Src/dma.c.obj
 .debug_frame   0x000000bc       0x30 CMakeFiles/phase.elf.dir/Core/Src/gpio.c.obj
 .debug_frame   0x000000ec       0x58 CMakeFiles/phase.elf.dir/Core/Src/main.c.obj
 .debug_frame   0x00000144       0x28 CMakeFiles/phase.elf.dir/Core/Src/stm32f4xx_hal_msp.c.obj
 .debug_frame   0x0000016c       0xd8 CMakeFiles/phase.elf.dir/Core/Src/stm32f4xx_it.c.obj
 .debug_frame   0x00000244       0x30 CMakeFiles/phase.elf.dir/Core/Src/system_stm32f4xx.c.obj
 .debug_frame   0x00000274       0x58 CMakeFiles/phase.elf.dir/Core/Src/tim.c.obj
 .debug_frame   0x000002cc       0x60 CMakeFiles/phase.elf.dir/Core/Src/usart.c.obj
 .debug_frame   0x0000032c      0x1ec CMakeFiles/phase.elf.dir/Drivers/STM32F4xx_HAL_Driver/Src/stm32f4xx_hal.c.obj
 .debug_frame   0x00000518      0x268 CMakeFiles/phase.elf.dir/Drivers/STM32F4xx_HAL_Driver/Src/stm32f4xx_hal_adc.c.obj
 .debug_frame   0x00000780      0x148 CMakeFiles/phase.elf.dir/Drivers/STM32F4xx_HAL_Driver/Src/stm32f4xx_hal_cortex.c.obj
 .debug_frame   0x000008c8      0x188 CMakeFiles/phase.elf.dir/Drivers/STM32F4xx_HAL_Driver/Src/stm32f4xx_hal_dma.c.obj
 .debug_frame   0x00000a50       0xd8 CMakeFiles/phase.elf.dir/Drivers/STM32F4xx_HAL_Driver/Src/stm32f4xx_hal_gpio.c.obj
 .debug_frame   0x00000b28      0x16c CMakeFiles/phase.elf.dir/Drivers/STM32F4xx_HAL_Driver/Src/stm32f4xx_hal_rcc.c.obj
 .debug_frame   0x00000c94      0xa70 CMakeFiles/phase.elf.dir/Drivers/STM32F4xx_HAL_Driver/Src/stm32f4xx_hal_tim.c.obj
 .debug_frame   0x00001704      0x3a8 CMakeFiles/phase.elf.dir/Drivers/STM32F4xx_HAL_Driver/Src/stm32f4xx_hal_tim_ex.c.obj
 .debug_frame   0x00001aac      0x4ec CMakeFiles/phase.elf.dir/Drivers/STM32F4xx_HAL_Driver/Src/stm32f4xx_hal_uart.c.obj
 .debug_frame   0x00001f98       0x2c f:/program_files/software/gcc-arm-none-eabi-10.3-2021.10-win32/gcc-arm-none-eabi-10.3-2021.10/bin/../lib/gcc/arm-none-eabi/10.3.1/thumb/v7e-m+fp/hard\libgcc.a(_aeabi_uldivmod.o)
 .debug_frame   0x00001fc4       0x34 f:/program_files/software/gcc-arm-none-eabi-10.3-2021.10-win32/gcc-arm-none-eabi-10.3-2021.10/bin/../lib/gcc/arm-none-eabi/10.3.1/thumb/v7e-m+fp/hard\libgcc.a(_udivmoddi4.o)
 .debug_frame   0x00001ff8       0x2c f:/program_files/software/gcc-arm-none-eabi-10.3-2021.10-win32/gcc-arm-none-eabi-10.3-2021.10/bin/../lib/gcc/arm-none-eabi/10.3.1/../../../../arm-none-eabi/lib/thumb/v7e-m+fp/hard\libg.a(lib_a-init.o)
 .debug_frame   0x00002024       0x2c f:/program_files/software/gcc-arm-none-eabi-10.3-2021.10-win32/gcc-arm-none-eabi-10.3-2021.10/bin/../lib/gcc/arm-none-eabi/10.3.1/../../../../arm-none-eabi/lib/thumb/v7e-m+fp/hard\libg.a(lib_a-memset.o)
 .debug_frame   0x00002050       0x68 f:/program_files/software/gcc-arm-none-eabi-10.3-2021.10-win32/gcc-arm-none-eabi-10.3-2021.10/bin/../lib/gcc/arm-none-eabi/10.3.1/../../../../arm-none-eabi/lib/thumb/v7e-m+fp/hard\libg.a(lib_a-__call_atexit.o)
 .debug_frame   0x000020b8       0x20 f:/program_files/software/gcc-arm-none-eabi-10.3-2021.10-win32/gcc-arm-none-eabi-10.3-2021.10/bin/../lib/gcc/arm-none-eabi/10.3.1/../../../../arm-none-eabi/lib/thumb/v7e-m+fp/hard\libg.a(lib_a-atexit.o)
 .debug_frame   0x000020d8       0x34 f:/program_files/software/gcc-arm-none-eabi-10.3-2021.10-win32/gcc-arm-none-eabi-10.3-2021.10/bin/../lib/gcc/arm-none-eabi/10.3.1/../../../../arm-none-eabi/lib/thumb/v7e-m+fp/hard\libg.a(lib_a-fini.o)
 .debug_frame   0x0000210c       0xb0 f:/program_files/software/gcc-arm-none-eabi-10.3-2021.10-win32/gcc-arm-none-eabi-10.3-2021.10/bin/../lib/gcc/arm-none-eabi/10.3.1/../../../../arm-none-eabi/lib/thumb/v7e-m+fp/hard\libg.a(lib_a-lock.o)
 .debug_frame   0x000021bc       0x34 f:/program_files/software/gcc-arm-none-eabi-10.3-2021.10-win32/gcc-arm-none-eabi-10.3-2021.10/bin/../lib/gcc/arm-none-eabi/10.3.1/../../../../arm-none-eabi/lib/thumb/v7e-m+fp/hard\libg.a(lib_a-__atexit.o)
